

================================================================
== Vitis HLS Report for 'matrix_mult'
================================================================
* Date:           Sat Feb 17 05:06:59 2024

* Version:        2022.1 (Build 3526262 on Mon Apr 18 15:47:01 MDT 2022)
* Project:        gemmhls_int
* Solution:       partitioning_2 (Vivado IP Flow Target)
* Product family: zynq
* Target device:  xc7z020-clg400-1


================================================================
== Performance Estimates
================================================================
+ Timing: 
    * Summary: 
    +--------+----------+----------+------------+
    |  Clock |  Target  | Estimated| Uncertainty|
    +--------+----------+----------+------------+
    |ap_clk  |  10.00 ns|  6.343 ns|     2.70 ns|
    +--------+----------+----------+------------+

+ Latency: 
    * Summary: 
    +---------+---------+-----------+-----------+------+------+---------+
    |  Latency (cycles) |   Latency (absolute)  |   Interval  | Pipeline|
    |   min   |   max   |    min    |    max    |  min |  max |   Type  |
    +---------+---------+-----------+-----------+------+------+---------+
    |     2059|     2059|  20.590 us|  20.590 us|  2060|  2060|       no|
    +---------+---------+-----------+-----------+------+------+---------+

    + Detail: 
        * Instance: 
        N/A

        * Loop: 
        +-----------+---------+---------+----------+-----------+-----------+------+----------+
        |           |  Latency (cycles) | Iteration|  Initiation Interval  | Trip |          |
        | Loop Name |   min   |   max   |  Latency |  achieved |   target  | Count| Pipelined|
        +-----------+---------+---------+----------+-----------+-----------+------+----------+
        |- Row_Col  |     2057|     2057|        18|          8|          1|   256|       yes|
        +-----------+---------+---------+----------+-----------+-----------+------+----------+



================================================================
== Utilization Estimates
================================================================
* Summary: 
+-----------------+---------+-----+--------+-------+-----+
|       Name      | BRAM_18K| DSP |   FF   |  LUT  | URAM|
+-----------------+---------+-----+--------+-------+-----+
|DSP              |        -|    8|       -|      -|    -|
|Expression       |        -|    -|       0|    495|    -|
|FIFO             |        -|    -|       -|      -|    -|
|Instance         |        -|    0|       0|    328|    -|
|Memory           |        -|    -|       -|      -|    -|
|Multiplexer      |        -|    -|       -|   4043|    -|
|Register         |        -|    -|     514|     64|    -|
+-----------------+---------+-----+--------+-------+-----+
|Total            |        0|    8|     514|   4930|    0|
+-----------------+---------+-----+--------+-------+-----+
|Available        |      280|  220|  106400|  53200|    0|
+-----------------+---------+-----+--------+-------+-----+
|Utilization (%)  |        0|    3|      ~0|      9|    0|
+-----------------+---------+-----+--------+-------+-----+

+ Detail: 
    * Instance: 
    +-----------------------+--------------------+---------+----+---+----+-----+
    |        Instance       |       Module       | BRAM_18K| DSP| FF| LUT| URAM|
    +-----------------------+--------------------+---------+----+---+----+-----+
    |mul_8ns_8ns_16_1_1_U1  |mul_8ns_8ns_16_1_1  |        0|   0|  0|  41|    0|
    |mul_8ns_8ns_16_1_1_U2  |mul_8ns_8ns_16_1_1  |        0|   0|  0|  41|    0|
    |mul_8ns_8ns_16_1_1_U3  |mul_8ns_8ns_16_1_1  |        0|   0|  0|  41|    0|
    |mul_8ns_8ns_16_1_1_U4  |mul_8ns_8ns_16_1_1  |        0|   0|  0|  41|    0|
    |mul_8ns_8ns_16_1_1_U5  |mul_8ns_8ns_16_1_1  |        0|   0|  0|  41|    0|
    |mul_8ns_8ns_16_1_1_U6  |mul_8ns_8ns_16_1_1  |        0|   0|  0|  41|    0|
    |mul_8ns_8ns_16_1_1_U7  |mul_8ns_8ns_16_1_1  |        0|   0|  0|  41|    0|
    |mul_8ns_8ns_16_1_1_U8  |mul_8ns_8ns_16_1_1  |        0|   0|  0|  41|    0|
    +-----------------------+--------------------+---------+----+---+----+-----+
    |Total                  |                    |        0|   0|  0| 328|    0|
    +-----------------------+--------------------+---------+----+---+----+-----+

    * DSP: 
    +------------------------------------+--------------------------------+--------------+
    |              Instance              |             Module             |  Expression  |
    +------------------------------------+--------------------------------+--------------+
    |mac_muladd_8ns_8ns_16ns_17_4_1_U9   |mac_muladd_8ns_8ns_16ns_17_4_1  |  i0 + i1 * i2|
    |mac_muladd_8ns_8ns_16ns_17_4_1_U10  |mac_muladd_8ns_8ns_16ns_17_4_1  |  i0 + i1 * i2|
    |mac_muladd_8ns_8ns_16ns_17_4_1_U11  |mac_muladd_8ns_8ns_16ns_17_4_1  |  i0 + i1 * i2|
    |mac_muladd_8ns_8ns_16ns_17_4_1_U12  |mac_muladd_8ns_8ns_16ns_17_4_1  |  i0 + i1 * i2|
    |mac_muladd_8ns_8ns_16ns_17_4_1_U13  |mac_muladd_8ns_8ns_16ns_17_4_1  |  i0 + i1 * i2|
    |mac_muladd_8ns_8ns_16ns_17_4_1_U14  |mac_muladd_8ns_8ns_16ns_17_4_1  |  i0 + i1 * i2|
    |mac_muladd_8ns_8ns_16ns_17_4_1_U15  |mac_muladd_8ns_8ns_16ns_17_4_1  |  i0 + i1 * i2|
    |mac_muladd_8ns_8ns_16ns_17_4_1_U16  |mac_muladd_8ns_8ns_16ns_17_4_1  |  i0 + i1 * i2|
    +------------------------------------+--------------------------------+--------------+

    * Memory: 
    N/A

    * FIFO: 
    N/A

    * Expression: 
    +---------------------------+----------+----+---+----+------------+------------+
    |       Variable Name       | Operation| DSP| FF| LUT| Bitwidth P0| Bitwidth P1|
    +---------------------------+----------+----+---+----+------------+------------+
    |add_ln10_1_fu_3070_p2      |         +|   0|  0|  14|           9|           1|
    |add_ln10_fu_3079_p2        |         +|   0|  0|  13|           5|           1|
    |add_ln12_fu_3446_p2        |         +|   0|  0|  13|           5|           1|
    |add_ln232_1_fu_3368_p2     |         +|   0|  0|  14|           7|           6|
    |add_ln232_2_fu_3423_p2     |         +|   0|  0|  14|           7|           7|
    |add_ln232_3_fu_3189_p2     |         +|   0|  0|  15|           8|           7|
    |add_ln232_4_fu_3219_p2     |         +|   0|  0|  15|           8|           8|
    |add_ln232_5_fu_3229_p2     |         +|   0|  0|  15|           8|           8|
    |add_ln232_fu_3357_p2       |         +|   0|  0|  14|           6|           5|
    |add_ln886_12_fu_3708_p2    |         +|   0|  0|  25|          18|          18|
    |add_ln886_13_fu_3718_p2    |         +|   0|  0|  26|          19|          19|
    |add_ln886_14_fu_3771_p2    |         +|   0|  0|  27|          20|          20|
    |add_ln886_2_fu_3746_p2     |         +|   0|  0|  25|          18|          18|
    |add_ln886_5_fu_3607_p2     |         +|   0|  0|  25|          18|          18|
    |add_ln886_6_fu_3759_p2     |         +|   0|  0|  26|          19|          19|
    |add_ln886_9_fu_3668_p2     |         +|   0|  0|  25|          18|          18|
    |ap_condition_3682          |       and|   0|  0|   2|           1|           1|
    |ap_condition_752           |       and|   0|  0|   2|           1|           1|
    |ap_condition_818           |       and|   0|  0|   2|           1|           1|
    |icmp_ln10_fu_3064_p2       |      icmp|   0|  0|  11|           9|          10|
    |icmp_ln12_fu_3089_p2       |      icmp|   0|  0|  10|           5|           6|
    |or_ln10_10_fu_3175_p2      |        or|   0|  0|   8|           8|           4|
    |or_ln10_11_fu_3401_p2      |        or|   0|  0|   8|           8|           4|
    |or_ln10_12_fu_3412_p2      |        or|   0|  0|   8|           8|           4|
    |or_ln10_13_fu_3616_p2      |        or|   0|  0|   8|           8|           4|
    |or_ln10_14_fu_3208_p2      |        or|   0|  0|   8|           8|           4|
    |or_ln10_1_fu_3456_p2       |        or|   0|  0|   8|           8|           2|
    |or_ln10_2_fu_3279_p2       |        or|   0|  0|   8|           8|           2|
    |or_ln10_3_fu_3125_p2       |        or|   0|  0|   8|           8|           3|
    |or_ln10_4_fu_3290_p2       |        or|   0|  0|   8|           8|           3|
    |or_ln10_5_fu_3507_p2       |        or|   0|  0|   8|           8|           3|
    |or_ln10_6_fu_3153_p2       |        or|   0|  0|   8|           8|           3|
    |or_ln10_7_fu_3329_p2       |        or|   0|  0|   8|           8|           4|
    |or_ln10_8_fu_3164_p2       |        or|   0|  0|   8|           8|           4|
    |or_ln10_9_fu_3340_p2       |        or|   0|  0|   8|           8|           4|
    |or_ln10_fu_3244_p2         |        or|   0|  0|   8|           8|           1|
    |grp_fu_2988_p3             |    select|   0|  0|   8|           1|           8|
    |grp_fu_2993_p3             |    select|   0|  0|   8|           1|           8|
    |select_ln10_1_fu_3113_p3   |    select|   0|  0|   5|           1|           5|
    |select_ln10_31_fu_3522_p3  |    select|   0|  0|   8|           1|           8|
    |select_ln10_fu_3096_p3     |    select|   0|  0|   5|           1|           1|
    |ap_enable_pp0              |       xor|   0|  0|   2|           1|           2|
    |xor_ln232_fu_3569_p2       |       xor|   0|  0|   6|           5|           6|
    +---------------------------+----------+----+---+----+------------+------------+
    |Total                      |          |   0|  0| 495|         341|         280|
    +---------------------------+----------+----+---+----+------------+------------+

    * Multiplexer: 
    +--------------------------------------+----+-----------+-----+-----------+
    |                 Name                 | LUT| Input Size| Bits| Total Bits|
    +--------------------------------------+----+-----------+-----+-----------+
    |a_address0                            |  48|          9|    8|         72|
    |a_address1                            |  48|          9|    8|         72|
    |ap_NS_fsm                             |  48|          9|    1|          9|
    |ap_done_int                           |   9|          2|    1|          2|
    |ap_enable_reg_pp0_iter0               |   9|          2|    1|          2|
    |ap_enable_reg_pp0_iter1               |   9|          2|    1|          2|
    |ap_enable_reg_pp0_iter2               |   9|          2|    1|          2|
    |ap_loop_exit_ready_pp0_iter1_reg      |   9|          2|    1|          2|
    |ap_sig_allocacmp_i_1                  |   9|          2|    5|         10|
    |ap_sig_allocacmp_indvar_flatten_load  |   9|          2|    9|         18|
    |ap_sig_allocacmp_j_load               |   9|          2|    5|         10|
    |b_address0                            |  48|          9|    8|         72|
    |b_address1                            |  48|          9|    8|         72|
    |grp_fu_2988_p0                        |  14|          3|    1|          3|
    |grp_fu_2988_p1                        |  14|          3|    8|         24|
    |grp_fu_2988_p2                        |  14|          3|    8|         24|
    |grp_fu_2993_p0                        |  14|          3|    1|          3|
    |grp_fu_2993_p1                        |  14|          3|    8|         24|
    |grp_fu_2993_p2                        |  14|          3|    8|         24|
    |i_fu_658                              |   9|          2|    5|         10|
    |indvar_flatten_fu_662                 |   9|          2|    9|         18|
    |j_fu_654                              |   9|          2|    5|         10|
    |prod_0_0                              |  14|          3|   32|         96|
    |prod_0_1                              |  14|          3|   32|         96|
    |prod_0_10                             |  14|          3|   32|         96|
    |prod_0_11                             |  14|          3|   32|         96|
    |prod_0_12                             |  14|          3|   32|         96|
    |prod_0_13                             |  14|          3|   32|         96|
    |prod_0_14                             |  14|          3|   32|         96|
    |prod_0_15                             |  14|          3|   32|         96|
    |prod_0_2                              |  14|          3|   32|         96|
    |prod_0_3                              |  14|          3|   32|         96|
    |prod_0_4                              |  14|          3|   32|         96|
    |prod_0_5                              |  14|          3|   32|         96|
    |prod_0_6                              |  14|          3|   32|         96|
    |prod_0_7                              |  14|          3|   32|         96|
    |prod_0_8                              |  14|          3|   32|         96|
    |prod_0_9                              |  14|          3|   32|         96|
    |prod_10_0                             |  14|          3|   32|         96|
    |prod_10_1                             |  14|          3|   32|         96|
    |prod_10_10                            |  14|          3|   32|         96|
    |prod_10_11                            |  14|          3|   32|         96|
    |prod_10_12                            |  14|          3|   32|         96|
    |prod_10_13                            |  14|          3|   32|         96|
    |prod_10_14                            |  14|          3|   32|         96|
    |prod_10_15                            |  14|          3|   32|         96|
    |prod_10_2                             |  14|          3|   32|         96|
    |prod_10_3                             |  14|          3|   32|         96|
    |prod_10_4                             |  14|          3|   32|         96|
    |prod_10_5                             |  14|          3|   32|         96|
    |prod_10_6                             |  14|          3|   32|         96|
    |prod_10_7                             |  14|          3|   32|         96|
    |prod_10_8                             |  14|          3|   32|         96|
    |prod_10_9                             |  14|          3|   32|         96|
    |prod_11_0                             |  14|          3|   32|         96|
    |prod_11_1                             |  14|          3|   32|         96|
    |prod_11_10                            |  14|          3|   32|         96|
    |prod_11_11                            |  14|          3|   32|         96|
    |prod_11_12                            |  14|          3|   32|         96|
    |prod_11_13                            |  14|          3|   32|         96|
    |prod_11_14                            |  14|          3|   32|         96|
    |prod_11_15                            |  14|          3|   32|         96|
    |prod_11_2                             |  14|          3|   32|         96|
    |prod_11_3                             |  14|          3|   32|         96|
    |prod_11_4                             |  14|          3|   32|         96|
    |prod_11_5                             |  14|          3|   32|         96|
    |prod_11_6                             |  14|          3|   32|         96|
    |prod_11_7                             |  14|          3|   32|         96|
    |prod_11_8                             |  14|          3|   32|         96|
    |prod_11_9                             |  14|          3|   32|         96|
    |prod_12_0                             |  14|          3|   32|         96|
    |prod_12_1                             |  14|          3|   32|         96|
    |prod_12_10                            |  14|          3|   32|         96|
    |prod_12_11                            |  14|          3|   32|         96|
    |prod_12_12                            |  14|          3|   32|         96|
    |prod_12_13                            |  14|          3|   32|         96|
    |prod_12_14                            |  14|          3|   32|         96|
    |prod_12_15                            |  14|          3|   32|         96|
    |prod_12_2                             |  14|          3|   32|         96|
    |prod_12_3                             |  14|          3|   32|         96|
    |prod_12_4                             |  14|          3|   32|         96|
    |prod_12_5                             |  14|          3|   32|         96|
    |prod_12_6                             |  14|          3|   32|         96|
    |prod_12_7                             |  14|          3|   32|         96|
    |prod_12_8                             |  14|          3|   32|         96|
    |prod_12_9                             |  14|          3|   32|         96|
    |prod_13_0                             |  14|          3|   32|         96|
    |prod_13_1                             |  14|          3|   32|         96|
    |prod_13_10                            |  14|          3|   32|         96|
    |prod_13_11                            |  14|          3|   32|         96|
    |prod_13_12                            |  14|          3|   32|         96|
    |prod_13_13                            |  14|          3|   32|         96|
    |prod_13_14                            |  14|          3|   32|         96|
    |prod_13_15                            |  14|          3|   32|         96|
    |prod_13_2                             |  14|          3|   32|         96|
    |prod_13_3                             |  14|          3|   32|         96|
    |prod_13_4                             |  14|          3|   32|         96|
    |prod_13_5                             |  14|          3|   32|         96|
    |prod_13_6                             |  14|          3|   32|         96|
    |prod_13_7                             |  14|          3|   32|         96|
    |prod_13_8                             |  14|          3|   32|         96|
    |prod_13_9                             |  14|          3|   32|         96|
    |prod_14_0                             |  14|          3|   32|         96|
    |prod_14_1                             |  14|          3|   32|         96|
    |prod_14_10                            |  14|          3|   32|         96|
    |prod_14_11                            |  14|          3|   32|         96|
    |prod_14_12                            |  14|          3|   32|         96|
    |prod_14_13                            |  14|          3|   32|         96|
    |prod_14_14                            |  14|          3|   32|         96|
    |prod_14_15                            |  14|          3|   32|         96|
    |prod_14_2                             |  14|          3|   32|         96|
    |prod_14_3                             |  14|          3|   32|         96|
    |prod_14_4                             |  14|          3|   32|         96|
    |prod_14_5                             |  14|          3|   32|         96|
    |prod_14_6                             |  14|          3|   32|         96|
    |prod_14_7                             |  14|          3|   32|         96|
    |prod_14_8                             |  14|          3|   32|         96|
    |prod_14_9                             |  14|          3|   32|         96|
    |prod_15_0                             |  14|          3|   32|         96|
    |prod_15_1                             |  14|          3|   32|         96|
    |prod_15_10                            |  14|          3|   32|         96|
    |prod_15_11                            |  14|          3|   32|         96|
    |prod_15_12                            |  14|          3|   32|         96|
    |prod_15_13                            |  14|          3|   32|         96|
    |prod_15_14                            |  14|          3|   32|         96|
    |prod_15_15                            |  14|          3|   32|         96|
    |prod_15_2                             |  14|          3|   32|         96|
    |prod_15_3                             |  14|          3|   32|         96|
    |prod_15_4                             |  14|          3|   32|         96|
    |prod_15_5                             |  14|          3|   32|         96|
    |prod_15_6                             |  14|          3|   32|         96|
    |prod_15_7                             |  14|          3|   32|         96|
    |prod_15_8                             |  14|          3|   32|         96|
    |prod_15_9                             |  14|          3|   32|         96|
    |prod_1_0                              |  14|          3|   32|         96|
    |prod_1_1                              |  14|          3|   32|         96|
    |prod_1_10                             |  14|          3|   32|         96|
    |prod_1_11                             |  14|          3|   32|         96|
    |prod_1_12                             |  14|          3|   32|         96|
    |prod_1_13                             |  14|          3|   32|         96|
    |prod_1_14                             |  14|          3|   32|         96|
    |prod_1_15                             |  14|          3|   32|         96|
    |prod_1_2                              |  14|          3|   32|         96|
    |prod_1_3                              |  14|          3|   32|         96|
    |prod_1_4                              |  14|          3|   32|         96|
    |prod_1_5                              |  14|          3|   32|         96|
    |prod_1_6                              |  14|          3|   32|         96|
    |prod_1_7                              |  14|          3|   32|         96|
    |prod_1_8                              |  14|          3|   32|         96|
    |prod_1_9                              |  14|          3|   32|         96|
    |prod_2_0                              |  14|          3|   32|         96|
    |prod_2_1                              |  14|          3|   32|         96|
    |prod_2_10                             |  14|          3|   32|         96|
    |prod_2_11                             |  14|          3|   32|         96|
    |prod_2_12                             |  14|          3|   32|         96|
    |prod_2_13                             |  14|          3|   32|         96|
    |prod_2_14                             |  14|          3|   32|         96|
    |prod_2_15                             |  14|          3|   32|         96|
    |prod_2_2                              |  14|          3|   32|         96|
    |prod_2_3                              |  14|          3|   32|         96|
    |prod_2_4                              |  14|          3|   32|         96|
    |prod_2_5                              |  14|          3|   32|         96|
    |prod_2_6                              |  14|          3|   32|         96|
    |prod_2_7                              |  14|          3|   32|         96|
    |prod_2_8                              |  14|          3|   32|         96|
    |prod_2_9                              |  14|          3|   32|         96|
    |prod_3_0                              |  14|          3|   32|         96|
    |prod_3_1                              |  14|          3|   32|         96|
    |prod_3_10                             |  14|          3|   32|         96|
    |prod_3_11                             |  14|          3|   32|         96|
    |prod_3_12                             |  14|          3|   32|         96|
    |prod_3_13                             |  14|          3|   32|         96|
    |prod_3_14                             |  14|          3|   32|         96|
    |prod_3_15                             |  14|          3|   32|         96|
    |prod_3_2                              |  14|          3|   32|         96|
    |prod_3_3                              |  14|          3|   32|         96|
    |prod_3_4                              |  14|          3|   32|         96|
    |prod_3_5                              |  14|          3|   32|         96|
    |prod_3_6                              |  14|          3|   32|         96|
    |prod_3_7                              |  14|          3|   32|         96|
    |prod_3_8                              |  14|          3|   32|         96|
    |prod_3_9                              |  14|          3|   32|         96|
    |prod_4_0                              |  14|          3|   32|         96|
    |prod_4_1                              |  14|          3|   32|         96|
    |prod_4_10                             |  14|          3|   32|         96|
    |prod_4_11                             |  14|          3|   32|         96|
    |prod_4_12                             |  14|          3|   32|         96|
    |prod_4_13                             |  14|          3|   32|         96|
    |prod_4_14                             |  14|          3|   32|         96|
    |prod_4_15                             |  14|          3|   32|         96|
    |prod_4_2                              |  14|          3|   32|         96|
    |prod_4_3                              |  14|          3|   32|         96|
    |prod_4_4                              |  14|          3|   32|         96|
    |prod_4_5                              |  14|          3|   32|         96|
    |prod_4_6                              |  14|          3|   32|         96|
    |prod_4_7                              |  14|          3|   32|         96|
    |prod_4_8                              |  14|          3|   32|         96|
    |prod_4_9                              |  14|          3|   32|         96|
    |prod_5_0                              |  14|          3|   32|         96|
    |prod_5_1                              |  14|          3|   32|         96|
    |prod_5_10                             |  14|          3|   32|         96|
    |prod_5_11                             |  14|          3|   32|         96|
    |prod_5_12                             |  14|          3|   32|         96|
    |prod_5_13                             |  14|          3|   32|         96|
    |prod_5_14                             |  14|          3|   32|         96|
    |prod_5_15                             |  14|          3|   32|         96|
    |prod_5_2                              |  14|          3|   32|         96|
    |prod_5_3                              |  14|          3|   32|         96|
    |prod_5_4                              |  14|          3|   32|         96|
    |prod_5_5                              |  14|          3|   32|         96|
    |prod_5_6                              |  14|          3|   32|         96|
    |prod_5_7                              |  14|          3|   32|         96|
    |prod_5_8                              |  14|          3|   32|         96|
    |prod_5_9                              |  14|          3|   32|         96|
    |prod_6_0                              |  14|          3|   32|         96|
    |prod_6_1                              |  14|          3|   32|         96|
    |prod_6_10                             |  14|          3|   32|         96|
    |prod_6_11                             |  14|          3|   32|         96|
    |prod_6_12                             |  14|          3|   32|         96|
    |prod_6_13                             |  14|          3|   32|         96|
    |prod_6_14                             |  14|          3|   32|         96|
    |prod_6_15                             |  14|          3|   32|         96|
    |prod_6_2                              |  14|          3|   32|         96|
    |prod_6_3                              |  14|          3|   32|         96|
    |prod_6_4                              |  14|          3|   32|         96|
    |prod_6_5                              |  14|          3|   32|         96|
    |prod_6_6                              |  14|          3|   32|         96|
    |prod_6_7                              |  14|          3|   32|         96|
    |prod_6_8                              |  14|          3|   32|         96|
    |prod_6_9                              |  14|          3|   32|         96|
    |prod_7_0                              |  14|          3|   32|         96|
    |prod_7_1                              |  14|          3|   32|         96|
    |prod_7_10                             |  14|          3|   32|         96|
    |prod_7_11                             |  14|          3|   32|         96|
    |prod_7_12                             |  14|          3|   32|         96|
    |prod_7_13                             |  14|          3|   32|         96|
    |prod_7_14                             |  14|          3|   32|         96|
    |prod_7_15                             |  14|          3|   32|         96|
    |prod_7_2                              |  14|          3|   32|         96|
    |prod_7_3                              |  14|          3|   32|         96|
    |prod_7_4                              |  14|          3|   32|         96|
    |prod_7_5                              |  14|          3|   32|         96|
    |prod_7_6                              |  14|          3|   32|         96|
    |prod_7_7                              |  14|          3|   32|         96|
    |prod_7_8                              |  14|          3|   32|         96|
    |prod_7_9                              |  14|          3|   32|         96|
    |prod_8_0                              |  14|          3|   32|         96|
    |prod_8_1                              |  14|          3|   32|         96|
    |prod_8_10                             |  14|          3|   32|         96|
    |prod_8_11                             |  14|          3|   32|         96|
    |prod_8_12                             |  14|          3|   32|         96|
    |prod_8_13                             |  14|          3|   32|         96|
    |prod_8_14                             |  14|          3|   32|         96|
    |prod_8_15                             |  14|          3|   32|         96|
    |prod_8_2                              |  14|          3|   32|         96|
    |prod_8_3                              |  14|          3|   32|         96|
    |prod_8_4                              |  14|          3|   32|         96|
    |prod_8_5                              |  14|          3|   32|         96|
    |prod_8_6                              |  14|          3|   32|         96|
    |prod_8_7                              |  14|          3|   32|         96|
    |prod_8_8                              |  14|          3|   32|         96|
    |prod_8_9                              |  14|          3|   32|         96|
    |prod_9_0                              |  14|          3|   32|         96|
    |prod_9_1                              |  14|          3|   32|         96|
    |prod_9_10                             |  14|          3|   32|         96|
    |prod_9_11                             |  14|          3|   32|         96|
    |prod_9_12                             |  14|          3|   32|         96|
    |prod_9_13                             |  14|          3|   32|         96|
    |prod_9_14                             |  14|          3|   32|         96|
    |prod_9_15                             |  14|          3|   32|         96|
    |prod_9_2                              |  14|          3|   32|         96|
    |prod_9_3                              |  14|          3|   32|         96|
    |prod_9_4                              |  14|          3|   32|         96|
    |prod_9_5                              |  14|          3|   32|         96|
    |prod_9_6                              |  14|          3|   32|         96|
    |prod_9_7                              |  14|          3|   32|         96|
    |prod_9_8                              |  14|          3|   32|         96|
    |prod_9_9                              |  14|          3|   32|         96|
    |reg_2998                              |   9|          2|    8|         16|
    |reg_3007                              |   9|          2|    8|         16|
    |reg_3020                              |   9|          2|    8|         16|
    |reg_3025                              |   9|          2|    8|         16|
    +--------------------------------------+----+-----------+-----+-----------+
    |Total                                 |4043|        861| 8334|      25125|
    +--------------------------------------+----+-----------+-----+-----------+

    * Register: 
    +------------------------------------+----+----+-----+-----------+
    |                Name                | FF | LUT| Bits| Const Bits|
    +------------------------------------+----+----+-----+-----------+
    |a_load_11_reg_4223                  |   8|   0|    8|          0|
    |a_load_13_reg_4413                  |   8|   0|    8|          0|
    |a_load_15_reg_4258                  |   8|   0|    8|          0|
    |a_load_1_reg_4283                   |   8|   0|    8|          0|
    |a_load_3_reg_4308                   |   8|   0|    8|          0|
    |a_load_5_reg_4313                   |   8|   0|    8|          0|
    |add_ln10_1_reg_4137                 |   9|   0|    9|          0|
    |add_ln886_10_reg_4559               |  17|   0|   17|          0|
    |add_ln886_13_reg_4564               |  19|   0|   19|          0|
    |add_ln886_1_reg_4529                |  17|   0|   17|          0|
    |add_ln886_3_reg_4479                |  17|   0|   17|          0|
    |add_ln886_5_reg_4504                |  18|   0|   18|          0|
    |add_ln886_6_reg_4574                |  19|   0|   19|          0|
    |add_ln886_8_reg_4398                |  17|   0|   17|          0|
    |add_ln886_9_reg_4539                |  18|   0|   18|          0|
    |ap_CS_fsm                           |   8|   0|    8|          0|
    |ap_done_reg                         |   1|   0|    1|          0|
    |ap_enable_reg_pp0_iter0_reg         |   1|   0|    1|          0|
    |ap_enable_reg_pp0_iter1             |   1|   0|    1|          0|
    |ap_enable_reg_pp0_iter2             |   1|   0|    1|          0|
    |ap_loop_exit_ready_pp0_iter1_reg    |   1|   0|    1|          0|
    |b_load_11_reg_4278                  |   8|   0|    8|          0|
    |b_load_13_reg_4439                  |   8|   0|    8|          0|
    |b_load_1_reg_4383                   |   8|   0|    8|          0|
    |b_load_3_reg_4388                   |   8|   0|    8|          0|
    |i_fu_658                            |   5|   0|    5|          0|
    |icmp_ln10_reg_4133                  |   1|   0|    1|          0|
    |icmp_ln10_reg_4133_pp0_iter1_reg    |   1|   0|    1|          0|
    |icmp_ln12_reg_4142                  |   1|   0|    1|          0|
    |icmp_ln12_reg_4142_pp0_iter1_reg    |   1|   0|    1|          0|
    |indvar_flatten_fu_662               |   9|   0|    9|          0|
    |j_fu_654                            |   5|   0|    5|          0|
    |reg_2998                            |   8|   0|    8|          0|
    |reg_3003                            |   8|   0|    8|          0|
    |reg_3007                            |   8|   0|    8|          0|
    |reg_3012                            |   8|   0|    8|          0|
    |reg_3016                            |   8|   0|    8|          0|
    |reg_3020                            |   8|   0|    8|          0|
    |reg_3025                            |   8|   0|    8|          0|
    |select_ln10_1_reg_4169              |   5|   0|    5|          0|
    |select_ln10_31_reg_4454             |   4|   0|    8|          4|
    |select_ln10_reg_4149                |   5|   0|    5|          0|
    |select_ln10_reg_4149_pp0_iter1_reg  |   5|   0|    5|          0|
    |tmp_16_cast_reg_4162                |   4|   0|    8|          4|
    |tmp_16_cast_reg_4162_pp0_iter1_reg  |   4|   0|    8|          4|
    |tmp_32_cast_reg_4418                |   5|   0|    6|          1|
    |tmp_33_cast_reg_4183                |   5|   0|    7|          2|
    |tmp_cast_reg_4126                   |   4|   0|    8|          4|
    |tmp_cast_reg_4126_pp0_iter1_reg     |   4|   0|    8|          4|
    |trunc_ln10_1_reg_4174               |   4|   0|    4|          0|
    |trunc_ln13_reg_4193                 |   4|   0|    4|          0|
    |zext_ln232_46_reg_4212              |   5|   0|    8|          3|
    |zext_ln232_47_reg_4333              |   5|   0|    7|          2|
    |trunc_ln10_1_reg_4174               |  64|  32|    4|          0|
    |trunc_ln13_reg_4193                 |  64|  32|    4|          0|
    +------------------------------------+----+----+-----+-----------+
    |Total                               | 514|  64|  422|         28|
    +------------------------------------+----+----+-----+-----------+



================================================================
== Interface
================================================================
* Summary: 
+-------------------+-----+-----+------------+--------------+--------------+
|     RTL Ports     | Dir | Bits|  Protocol  | Source Object|    C Type    |
+-------------------+-----+-----+------------+--------------+--------------+
|ap_clk             |   in|    1|  ap_ctrl_hs|   matrix_mult|  return value|
|ap_rst             |   in|    1|  ap_ctrl_hs|   matrix_mult|  return value|
|ap_start           |   in|    1|  ap_ctrl_hs|   matrix_mult|  return value|
|ap_done            |  out|    1|  ap_ctrl_hs|   matrix_mult|  return value|
|ap_idle            |  out|    1|  ap_ctrl_hs|   matrix_mult|  return value|
|ap_ready           |  out|    1|  ap_ctrl_hs|   matrix_mult|  return value|
|a_address0         |  out|    8|   ap_memory|             a|         array|
|a_ce0              |  out|    1|   ap_memory|             a|         array|
|a_q0               |   in|    8|   ap_memory|             a|         array|
|a_address1         |  out|    8|   ap_memory|             a|         array|
|a_ce1              |  out|    1|   ap_memory|             a|         array|
|a_q1               |   in|    8|   ap_memory|             a|         array|
|b_address0         |  out|    8|   ap_memory|             b|         array|
|b_ce0              |  out|    1|   ap_memory|             b|         array|
|b_q0               |   in|    8|   ap_memory|             b|         array|
|b_address1         |  out|    8|   ap_memory|             b|         array|
|b_ce1              |  out|    1|   ap_memory|             b|         array|
|b_q1               |   in|    8|   ap_memory|             b|         array|
|prod_0_0           |  out|   32|      ap_vld|      prod_0_0|       pointer|
|prod_0_0_ap_vld    |  out|    1|      ap_vld|      prod_0_0|       pointer|
|prod_0_1           |  out|   32|      ap_vld|      prod_0_1|       pointer|
|prod_0_1_ap_vld    |  out|    1|      ap_vld|      prod_0_1|       pointer|
|prod_0_2           |  out|   32|      ap_vld|      prod_0_2|       pointer|
|prod_0_2_ap_vld    |  out|    1|      ap_vld|      prod_0_2|       pointer|
|prod_0_3           |  out|   32|      ap_vld|      prod_0_3|       pointer|
|prod_0_3_ap_vld    |  out|    1|      ap_vld|      prod_0_3|       pointer|
|prod_0_4           |  out|   32|      ap_vld|      prod_0_4|       pointer|
|prod_0_4_ap_vld    |  out|    1|      ap_vld|      prod_0_4|       pointer|
|prod_0_5           |  out|   32|      ap_vld|      prod_0_5|       pointer|
|prod_0_5_ap_vld    |  out|    1|      ap_vld|      prod_0_5|       pointer|
|prod_0_6           |  out|   32|      ap_vld|      prod_0_6|       pointer|
|prod_0_6_ap_vld    |  out|    1|      ap_vld|      prod_0_6|       pointer|
|prod_0_7           |  out|   32|      ap_vld|      prod_0_7|       pointer|
|prod_0_7_ap_vld    |  out|    1|      ap_vld|      prod_0_7|       pointer|
|prod_0_8           |  out|   32|      ap_vld|      prod_0_8|       pointer|
|prod_0_8_ap_vld    |  out|    1|      ap_vld|      prod_0_8|       pointer|
|prod_0_9           |  out|   32|      ap_vld|      prod_0_9|       pointer|
|prod_0_9_ap_vld    |  out|    1|      ap_vld|      prod_0_9|       pointer|
|prod_0_10          |  out|   32|      ap_vld|     prod_0_10|       pointer|
|prod_0_10_ap_vld   |  out|    1|      ap_vld|     prod_0_10|       pointer|
|prod_0_11          |  out|   32|      ap_vld|     prod_0_11|       pointer|
|prod_0_11_ap_vld   |  out|    1|      ap_vld|     prod_0_11|       pointer|
|prod_0_12          |  out|   32|      ap_vld|     prod_0_12|       pointer|
|prod_0_12_ap_vld   |  out|    1|      ap_vld|     prod_0_12|       pointer|
|prod_0_13          |  out|   32|      ap_vld|     prod_0_13|       pointer|
|prod_0_13_ap_vld   |  out|    1|      ap_vld|     prod_0_13|       pointer|
|prod_0_14          |  out|   32|      ap_vld|     prod_0_14|       pointer|
|prod_0_14_ap_vld   |  out|    1|      ap_vld|     prod_0_14|       pointer|
|prod_0_15          |  out|   32|      ap_vld|     prod_0_15|       pointer|
|prod_0_15_ap_vld   |  out|    1|      ap_vld|     prod_0_15|       pointer|
|prod_1_0           |  out|   32|      ap_vld|      prod_1_0|       pointer|
|prod_1_0_ap_vld    |  out|    1|      ap_vld|      prod_1_0|       pointer|
|prod_1_1           |  out|   32|      ap_vld|      prod_1_1|       pointer|
|prod_1_1_ap_vld    |  out|    1|      ap_vld|      prod_1_1|       pointer|
|prod_1_2           |  out|   32|      ap_vld|      prod_1_2|       pointer|
|prod_1_2_ap_vld    |  out|    1|      ap_vld|      prod_1_2|       pointer|
|prod_1_3           |  out|   32|      ap_vld|      prod_1_3|       pointer|
|prod_1_3_ap_vld    |  out|    1|      ap_vld|      prod_1_3|       pointer|
|prod_1_4           |  out|   32|      ap_vld|      prod_1_4|       pointer|
|prod_1_4_ap_vld    |  out|    1|      ap_vld|      prod_1_4|       pointer|
|prod_1_5           |  out|   32|      ap_vld|      prod_1_5|       pointer|
|prod_1_5_ap_vld    |  out|    1|      ap_vld|      prod_1_5|       pointer|
|prod_1_6           |  out|   32|      ap_vld|      prod_1_6|       pointer|
|prod_1_6_ap_vld    |  out|    1|      ap_vld|      prod_1_6|       pointer|
|prod_1_7           |  out|   32|      ap_vld|      prod_1_7|       pointer|
|prod_1_7_ap_vld    |  out|    1|      ap_vld|      prod_1_7|       pointer|
|prod_1_8           |  out|   32|      ap_vld|      prod_1_8|       pointer|
|prod_1_8_ap_vld    |  out|    1|      ap_vld|      prod_1_8|       pointer|
|prod_1_9           |  out|   32|      ap_vld|      prod_1_9|       pointer|
|prod_1_9_ap_vld    |  out|    1|      ap_vld|      prod_1_9|       pointer|
|prod_1_10          |  out|   32|      ap_vld|     prod_1_10|       pointer|
|prod_1_10_ap_vld   |  out|    1|      ap_vld|     prod_1_10|       pointer|
|prod_1_11          |  out|   32|      ap_vld|     prod_1_11|       pointer|
|prod_1_11_ap_vld   |  out|    1|      ap_vld|     prod_1_11|       pointer|
|prod_1_12          |  out|   32|      ap_vld|     prod_1_12|       pointer|
|prod_1_12_ap_vld   |  out|    1|      ap_vld|     prod_1_12|       pointer|
|prod_1_13          |  out|   32|      ap_vld|     prod_1_13|       pointer|
|prod_1_13_ap_vld   |  out|    1|      ap_vld|     prod_1_13|       pointer|
|prod_1_14          |  out|   32|      ap_vld|     prod_1_14|       pointer|
|prod_1_14_ap_vld   |  out|    1|      ap_vld|     prod_1_14|       pointer|
|prod_1_15          |  out|   32|      ap_vld|     prod_1_15|       pointer|
|prod_1_15_ap_vld   |  out|    1|      ap_vld|     prod_1_15|       pointer|
|prod_2_0           |  out|   32|      ap_vld|      prod_2_0|       pointer|
|prod_2_0_ap_vld    |  out|    1|      ap_vld|      prod_2_0|       pointer|
|prod_2_1           |  out|   32|      ap_vld|      prod_2_1|       pointer|
|prod_2_1_ap_vld    |  out|    1|      ap_vld|      prod_2_1|       pointer|
|prod_2_2           |  out|   32|      ap_vld|      prod_2_2|       pointer|
|prod_2_2_ap_vld    |  out|    1|      ap_vld|      prod_2_2|       pointer|
|prod_2_3           |  out|   32|      ap_vld|      prod_2_3|       pointer|
|prod_2_3_ap_vld    |  out|    1|      ap_vld|      prod_2_3|       pointer|
|prod_2_4           |  out|   32|      ap_vld|      prod_2_4|       pointer|
|prod_2_4_ap_vld    |  out|    1|      ap_vld|      prod_2_4|       pointer|
|prod_2_5           |  out|   32|      ap_vld|      prod_2_5|       pointer|
|prod_2_5_ap_vld    |  out|    1|      ap_vld|      prod_2_5|       pointer|
|prod_2_6           |  out|   32|      ap_vld|      prod_2_6|       pointer|
|prod_2_6_ap_vld    |  out|    1|      ap_vld|      prod_2_6|       pointer|
|prod_2_7           |  out|   32|      ap_vld|      prod_2_7|       pointer|
|prod_2_7_ap_vld    |  out|    1|      ap_vld|      prod_2_7|       pointer|
|prod_2_8           |  out|   32|      ap_vld|      prod_2_8|       pointer|
|prod_2_8_ap_vld    |  out|    1|      ap_vld|      prod_2_8|       pointer|
|prod_2_9           |  out|   32|      ap_vld|      prod_2_9|       pointer|
|prod_2_9_ap_vld    |  out|    1|      ap_vld|      prod_2_9|       pointer|
|prod_2_10          |  out|   32|      ap_vld|     prod_2_10|       pointer|
|prod_2_10_ap_vld   |  out|    1|      ap_vld|     prod_2_10|       pointer|
|prod_2_11          |  out|   32|      ap_vld|     prod_2_11|       pointer|
|prod_2_11_ap_vld   |  out|    1|      ap_vld|     prod_2_11|       pointer|
|prod_2_12          |  out|   32|      ap_vld|     prod_2_12|       pointer|
|prod_2_12_ap_vld   |  out|    1|      ap_vld|     prod_2_12|       pointer|
|prod_2_13          |  out|   32|      ap_vld|     prod_2_13|       pointer|
|prod_2_13_ap_vld   |  out|    1|      ap_vld|     prod_2_13|       pointer|
|prod_2_14          |  out|   32|      ap_vld|     prod_2_14|       pointer|
|prod_2_14_ap_vld   |  out|    1|      ap_vld|     prod_2_14|       pointer|
|prod_2_15          |  out|   32|      ap_vld|     prod_2_15|       pointer|
|prod_2_15_ap_vld   |  out|    1|      ap_vld|     prod_2_15|       pointer|
|prod_3_0           |  out|   32|      ap_vld|      prod_3_0|       pointer|
|prod_3_0_ap_vld    |  out|    1|      ap_vld|      prod_3_0|       pointer|
|prod_3_1           |  out|   32|      ap_vld|      prod_3_1|       pointer|
|prod_3_1_ap_vld    |  out|    1|      ap_vld|      prod_3_1|       pointer|
|prod_3_2           |  out|   32|      ap_vld|      prod_3_2|       pointer|
|prod_3_2_ap_vld    |  out|    1|      ap_vld|      prod_3_2|       pointer|
|prod_3_3           |  out|   32|      ap_vld|      prod_3_3|       pointer|
|prod_3_3_ap_vld    |  out|    1|      ap_vld|      prod_3_3|       pointer|
|prod_3_4           |  out|   32|      ap_vld|      prod_3_4|       pointer|
|prod_3_4_ap_vld    |  out|    1|      ap_vld|      prod_3_4|       pointer|
|prod_3_5           |  out|   32|      ap_vld|      prod_3_5|       pointer|
|prod_3_5_ap_vld    |  out|    1|      ap_vld|      prod_3_5|       pointer|
|prod_3_6           |  out|   32|      ap_vld|      prod_3_6|       pointer|
|prod_3_6_ap_vld    |  out|    1|      ap_vld|      prod_3_6|       pointer|
|prod_3_7           |  out|   32|      ap_vld|      prod_3_7|       pointer|
|prod_3_7_ap_vld    |  out|    1|      ap_vld|      prod_3_7|       pointer|
|prod_3_8           |  out|   32|      ap_vld|      prod_3_8|       pointer|
|prod_3_8_ap_vld    |  out|    1|      ap_vld|      prod_3_8|       pointer|
|prod_3_9           |  out|   32|      ap_vld|      prod_3_9|       pointer|
|prod_3_9_ap_vld    |  out|    1|      ap_vld|      prod_3_9|       pointer|
|prod_3_10          |  out|   32|      ap_vld|     prod_3_10|       pointer|
|prod_3_10_ap_vld   |  out|    1|      ap_vld|     prod_3_10|       pointer|
|prod_3_11          |  out|   32|      ap_vld|     prod_3_11|       pointer|
|prod_3_11_ap_vld   |  out|    1|      ap_vld|     prod_3_11|       pointer|
|prod_3_12          |  out|   32|      ap_vld|     prod_3_12|       pointer|
|prod_3_12_ap_vld   |  out|    1|      ap_vld|     prod_3_12|       pointer|
|prod_3_13          |  out|   32|      ap_vld|     prod_3_13|       pointer|
|prod_3_13_ap_vld   |  out|    1|      ap_vld|     prod_3_13|       pointer|
|prod_3_14          |  out|   32|      ap_vld|     prod_3_14|       pointer|
|prod_3_14_ap_vld   |  out|    1|      ap_vld|     prod_3_14|       pointer|
|prod_3_15          |  out|   32|      ap_vld|     prod_3_15|       pointer|
|prod_3_15_ap_vld   |  out|    1|      ap_vld|     prod_3_15|       pointer|
|prod_4_0           |  out|   32|      ap_vld|      prod_4_0|       pointer|
|prod_4_0_ap_vld    |  out|    1|      ap_vld|      prod_4_0|       pointer|
|prod_4_1           |  out|   32|      ap_vld|      prod_4_1|       pointer|
|prod_4_1_ap_vld    |  out|    1|      ap_vld|      prod_4_1|       pointer|
|prod_4_2           |  out|   32|      ap_vld|      prod_4_2|       pointer|
|prod_4_2_ap_vld    |  out|    1|      ap_vld|      prod_4_2|       pointer|
|prod_4_3           |  out|   32|      ap_vld|      prod_4_3|       pointer|
|prod_4_3_ap_vld    |  out|    1|      ap_vld|      prod_4_3|       pointer|
|prod_4_4           |  out|   32|      ap_vld|      prod_4_4|       pointer|
|prod_4_4_ap_vld    |  out|    1|      ap_vld|      prod_4_4|       pointer|
|prod_4_5           |  out|   32|      ap_vld|      prod_4_5|       pointer|
|prod_4_5_ap_vld    |  out|    1|      ap_vld|      prod_4_5|       pointer|
|prod_4_6           |  out|   32|      ap_vld|      prod_4_6|       pointer|
|prod_4_6_ap_vld    |  out|    1|      ap_vld|      prod_4_6|       pointer|
|prod_4_7           |  out|   32|      ap_vld|      prod_4_7|       pointer|
|prod_4_7_ap_vld    |  out|    1|      ap_vld|      prod_4_7|       pointer|
|prod_4_8           |  out|   32|      ap_vld|      prod_4_8|       pointer|
|prod_4_8_ap_vld    |  out|    1|      ap_vld|      prod_4_8|       pointer|
|prod_4_9           |  out|   32|      ap_vld|      prod_4_9|       pointer|
|prod_4_9_ap_vld    |  out|    1|      ap_vld|      prod_4_9|       pointer|
|prod_4_10          |  out|   32|      ap_vld|     prod_4_10|       pointer|
|prod_4_10_ap_vld   |  out|    1|      ap_vld|     prod_4_10|       pointer|
|prod_4_11          |  out|   32|      ap_vld|     prod_4_11|       pointer|
|prod_4_11_ap_vld   |  out|    1|      ap_vld|     prod_4_11|       pointer|
|prod_4_12          |  out|   32|      ap_vld|     prod_4_12|       pointer|
|prod_4_12_ap_vld   |  out|    1|      ap_vld|     prod_4_12|       pointer|
|prod_4_13          |  out|   32|      ap_vld|     prod_4_13|       pointer|
|prod_4_13_ap_vld   |  out|    1|      ap_vld|     prod_4_13|       pointer|
|prod_4_14          |  out|   32|      ap_vld|     prod_4_14|       pointer|
|prod_4_14_ap_vld   |  out|    1|      ap_vld|     prod_4_14|       pointer|
|prod_4_15          |  out|   32|      ap_vld|     prod_4_15|       pointer|
|prod_4_15_ap_vld   |  out|    1|      ap_vld|     prod_4_15|       pointer|
|prod_5_0           |  out|   32|      ap_vld|      prod_5_0|       pointer|
|prod_5_0_ap_vld    |  out|    1|      ap_vld|      prod_5_0|       pointer|
|prod_5_1           |  out|   32|      ap_vld|      prod_5_1|       pointer|
|prod_5_1_ap_vld    |  out|    1|      ap_vld|      prod_5_1|       pointer|
|prod_5_2           |  out|   32|      ap_vld|      prod_5_2|       pointer|
|prod_5_2_ap_vld    |  out|    1|      ap_vld|      prod_5_2|       pointer|
|prod_5_3           |  out|   32|      ap_vld|      prod_5_3|       pointer|
|prod_5_3_ap_vld    |  out|    1|      ap_vld|      prod_5_3|       pointer|
|prod_5_4           |  out|   32|      ap_vld|      prod_5_4|       pointer|
|prod_5_4_ap_vld    |  out|    1|      ap_vld|      prod_5_4|       pointer|
|prod_5_5           |  out|   32|      ap_vld|      prod_5_5|       pointer|
|prod_5_5_ap_vld    |  out|    1|      ap_vld|      prod_5_5|       pointer|
|prod_5_6           |  out|   32|      ap_vld|      prod_5_6|       pointer|
|prod_5_6_ap_vld    |  out|    1|      ap_vld|      prod_5_6|       pointer|
|prod_5_7           |  out|   32|      ap_vld|      prod_5_7|       pointer|
|prod_5_7_ap_vld    |  out|    1|      ap_vld|      prod_5_7|       pointer|
|prod_5_8           |  out|   32|      ap_vld|      prod_5_8|       pointer|
|prod_5_8_ap_vld    |  out|    1|      ap_vld|      prod_5_8|       pointer|
|prod_5_9           |  out|   32|      ap_vld|      prod_5_9|       pointer|
|prod_5_9_ap_vld    |  out|    1|      ap_vld|      prod_5_9|       pointer|
|prod_5_10          |  out|   32|      ap_vld|     prod_5_10|       pointer|
|prod_5_10_ap_vld   |  out|    1|      ap_vld|     prod_5_10|       pointer|
|prod_5_11          |  out|   32|      ap_vld|     prod_5_11|       pointer|
|prod_5_11_ap_vld   |  out|    1|      ap_vld|     prod_5_11|       pointer|
|prod_5_12          |  out|   32|      ap_vld|     prod_5_12|       pointer|
|prod_5_12_ap_vld   |  out|    1|      ap_vld|     prod_5_12|       pointer|
|prod_5_13          |  out|   32|      ap_vld|     prod_5_13|       pointer|
|prod_5_13_ap_vld   |  out|    1|      ap_vld|     prod_5_13|       pointer|
|prod_5_14          |  out|   32|      ap_vld|     prod_5_14|       pointer|
|prod_5_14_ap_vld   |  out|    1|      ap_vld|     prod_5_14|       pointer|
|prod_5_15          |  out|   32|      ap_vld|     prod_5_15|       pointer|
|prod_5_15_ap_vld   |  out|    1|      ap_vld|     prod_5_15|       pointer|
|prod_6_0           |  out|   32|      ap_vld|      prod_6_0|       pointer|
|prod_6_0_ap_vld    |  out|    1|      ap_vld|      prod_6_0|       pointer|
|prod_6_1           |  out|   32|      ap_vld|      prod_6_1|       pointer|
|prod_6_1_ap_vld    |  out|    1|      ap_vld|      prod_6_1|       pointer|
|prod_6_2           |  out|   32|      ap_vld|      prod_6_2|       pointer|
|prod_6_2_ap_vld    |  out|    1|      ap_vld|      prod_6_2|       pointer|
|prod_6_3           |  out|   32|      ap_vld|      prod_6_3|       pointer|
|prod_6_3_ap_vld    |  out|    1|      ap_vld|      prod_6_3|       pointer|
|prod_6_4           |  out|   32|      ap_vld|      prod_6_4|       pointer|
|prod_6_4_ap_vld    |  out|    1|      ap_vld|      prod_6_4|       pointer|
|prod_6_5           |  out|   32|      ap_vld|      prod_6_5|       pointer|
|prod_6_5_ap_vld    |  out|    1|      ap_vld|      prod_6_5|       pointer|
|prod_6_6           |  out|   32|      ap_vld|      prod_6_6|       pointer|
|prod_6_6_ap_vld    |  out|    1|      ap_vld|      prod_6_6|       pointer|
|prod_6_7           |  out|   32|      ap_vld|      prod_6_7|       pointer|
|prod_6_7_ap_vld    |  out|    1|      ap_vld|      prod_6_7|       pointer|
|prod_6_8           |  out|   32|      ap_vld|      prod_6_8|       pointer|
|prod_6_8_ap_vld    |  out|    1|      ap_vld|      prod_6_8|       pointer|
|prod_6_9           |  out|   32|      ap_vld|      prod_6_9|       pointer|
|prod_6_9_ap_vld    |  out|    1|      ap_vld|      prod_6_9|       pointer|
|prod_6_10          |  out|   32|      ap_vld|     prod_6_10|       pointer|
|prod_6_10_ap_vld   |  out|    1|      ap_vld|     prod_6_10|       pointer|
|prod_6_11          |  out|   32|      ap_vld|     prod_6_11|       pointer|
|prod_6_11_ap_vld   |  out|    1|      ap_vld|     prod_6_11|       pointer|
|prod_6_12          |  out|   32|      ap_vld|     prod_6_12|       pointer|
|prod_6_12_ap_vld   |  out|    1|      ap_vld|     prod_6_12|       pointer|
|prod_6_13          |  out|   32|      ap_vld|     prod_6_13|       pointer|
|prod_6_13_ap_vld   |  out|    1|      ap_vld|     prod_6_13|       pointer|
|prod_6_14          |  out|   32|      ap_vld|     prod_6_14|       pointer|
|prod_6_14_ap_vld   |  out|    1|      ap_vld|     prod_6_14|       pointer|
|prod_6_15          |  out|   32|      ap_vld|     prod_6_15|       pointer|
|prod_6_15_ap_vld   |  out|    1|      ap_vld|     prod_6_15|       pointer|
|prod_7_0           |  out|   32|      ap_vld|      prod_7_0|       pointer|
|prod_7_0_ap_vld    |  out|    1|      ap_vld|      prod_7_0|       pointer|
|prod_7_1           |  out|   32|      ap_vld|      prod_7_1|       pointer|
|prod_7_1_ap_vld    |  out|    1|      ap_vld|      prod_7_1|       pointer|
|prod_7_2           |  out|   32|      ap_vld|      prod_7_2|       pointer|
|prod_7_2_ap_vld    |  out|    1|      ap_vld|      prod_7_2|       pointer|
|prod_7_3           |  out|   32|      ap_vld|      prod_7_3|       pointer|
|prod_7_3_ap_vld    |  out|    1|      ap_vld|      prod_7_3|       pointer|
|prod_7_4           |  out|   32|      ap_vld|      prod_7_4|       pointer|
|prod_7_4_ap_vld    |  out|    1|      ap_vld|      prod_7_4|       pointer|
|prod_7_5           |  out|   32|      ap_vld|      prod_7_5|       pointer|
|prod_7_5_ap_vld    |  out|    1|      ap_vld|      prod_7_5|       pointer|
|prod_7_6           |  out|   32|      ap_vld|      prod_7_6|       pointer|
|prod_7_6_ap_vld    |  out|    1|      ap_vld|      prod_7_6|       pointer|
|prod_7_7           |  out|   32|      ap_vld|      prod_7_7|       pointer|
|prod_7_7_ap_vld    |  out|    1|      ap_vld|      prod_7_7|       pointer|
|prod_7_8           |  out|   32|      ap_vld|      prod_7_8|       pointer|
|prod_7_8_ap_vld    |  out|    1|      ap_vld|      prod_7_8|       pointer|
|prod_7_9           |  out|   32|      ap_vld|      prod_7_9|       pointer|
|prod_7_9_ap_vld    |  out|    1|      ap_vld|      prod_7_9|       pointer|
|prod_7_10          |  out|   32|      ap_vld|     prod_7_10|       pointer|
|prod_7_10_ap_vld   |  out|    1|      ap_vld|     prod_7_10|       pointer|
|prod_7_11          |  out|   32|      ap_vld|     prod_7_11|       pointer|
|prod_7_11_ap_vld   |  out|    1|      ap_vld|     prod_7_11|       pointer|
|prod_7_12          |  out|   32|      ap_vld|     prod_7_12|       pointer|
|prod_7_12_ap_vld   |  out|    1|      ap_vld|     prod_7_12|       pointer|
|prod_7_13          |  out|   32|      ap_vld|     prod_7_13|       pointer|
|prod_7_13_ap_vld   |  out|    1|      ap_vld|     prod_7_13|       pointer|
|prod_7_14          |  out|   32|      ap_vld|     prod_7_14|       pointer|
|prod_7_14_ap_vld   |  out|    1|      ap_vld|     prod_7_14|       pointer|
|prod_7_15          |  out|   32|      ap_vld|     prod_7_15|       pointer|
|prod_7_15_ap_vld   |  out|    1|      ap_vld|     prod_7_15|       pointer|
|prod_8_0           |  out|   32|      ap_vld|      prod_8_0|       pointer|
|prod_8_0_ap_vld    |  out|    1|      ap_vld|      prod_8_0|       pointer|
|prod_8_1           |  out|   32|      ap_vld|      prod_8_1|       pointer|
|prod_8_1_ap_vld    |  out|    1|      ap_vld|      prod_8_1|       pointer|
|prod_8_2           |  out|   32|      ap_vld|      prod_8_2|       pointer|
|prod_8_2_ap_vld    |  out|    1|      ap_vld|      prod_8_2|       pointer|
|prod_8_3           |  out|   32|      ap_vld|      prod_8_3|       pointer|
|prod_8_3_ap_vld    |  out|    1|      ap_vld|      prod_8_3|       pointer|
|prod_8_4           |  out|   32|      ap_vld|      prod_8_4|       pointer|
|prod_8_4_ap_vld    |  out|    1|      ap_vld|      prod_8_4|       pointer|
|prod_8_5           |  out|   32|      ap_vld|      prod_8_5|       pointer|
|prod_8_5_ap_vld    |  out|    1|      ap_vld|      prod_8_5|       pointer|
|prod_8_6           |  out|   32|      ap_vld|      prod_8_6|       pointer|
|prod_8_6_ap_vld    |  out|    1|      ap_vld|      prod_8_6|       pointer|
|prod_8_7           |  out|   32|      ap_vld|      prod_8_7|       pointer|
|prod_8_7_ap_vld    |  out|    1|      ap_vld|      prod_8_7|       pointer|
|prod_8_8           |  out|   32|      ap_vld|      prod_8_8|       pointer|
|prod_8_8_ap_vld    |  out|    1|      ap_vld|      prod_8_8|       pointer|
|prod_8_9           |  out|   32|      ap_vld|      prod_8_9|       pointer|
|prod_8_9_ap_vld    |  out|    1|      ap_vld|      prod_8_9|       pointer|
|prod_8_10          |  out|   32|      ap_vld|     prod_8_10|       pointer|
|prod_8_10_ap_vld   |  out|    1|      ap_vld|     prod_8_10|       pointer|
|prod_8_11          |  out|   32|      ap_vld|     prod_8_11|       pointer|
|prod_8_11_ap_vld   |  out|    1|      ap_vld|     prod_8_11|       pointer|
|prod_8_12          |  out|   32|      ap_vld|     prod_8_12|       pointer|
|prod_8_12_ap_vld   |  out|    1|      ap_vld|     prod_8_12|       pointer|
|prod_8_13          |  out|   32|      ap_vld|     prod_8_13|       pointer|
|prod_8_13_ap_vld   |  out|    1|      ap_vld|     prod_8_13|       pointer|
|prod_8_14          |  out|   32|      ap_vld|     prod_8_14|       pointer|
|prod_8_14_ap_vld   |  out|    1|      ap_vld|     prod_8_14|       pointer|
|prod_8_15          |  out|   32|      ap_vld|     prod_8_15|       pointer|
|prod_8_15_ap_vld   |  out|    1|      ap_vld|     prod_8_15|       pointer|
|prod_9_0           |  out|   32|      ap_vld|      prod_9_0|       pointer|
|prod_9_0_ap_vld    |  out|    1|      ap_vld|      prod_9_0|       pointer|
|prod_9_1           |  out|   32|      ap_vld|      prod_9_1|       pointer|
|prod_9_1_ap_vld    |  out|    1|      ap_vld|      prod_9_1|       pointer|
|prod_9_2           |  out|   32|      ap_vld|      prod_9_2|       pointer|
|prod_9_2_ap_vld    |  out|    1|      ap_vld|      prod_9_2|       pointer|
|prod_9_3           |  out|   32|      ap_vld|      prod_9_3|       pointer|
|prod_9_3_ap_vld    |  out|    1|      ap_vld|      prod_9_3|       pointer|
|prod_9_4           |  out|   32|      ap_vld|      prod_9_4|       pointer|
|prod_9_4_ap_vld    |  out|    1|      ap_vld|      prod_9_4|       pointer|
|prod_9_5           |  out|   32|      ap_vld|      prod_9_5|       pointer|
|prod_9_5_ap_vld    |  out|    1|      ap_vld|      prod_9_5|       pointer|
|prod_9_6           |  out|   32|      ap_vld|      prod_9_6|       pointer|
|prod_9_6_ap_vld    |  out|    1|      ap_vld|      prod_9_6|       pointer|
|prod_9_7           |  out|   32|      ap_vld|      prod_9_7|       pointer|
|prod_9_7_ap_vld    |  out|    1|      ap_vld|      prod_9_7|       pointer|
|prod_9_8           |  out|   32|      ap_vld|      prod_9_8|       pointer|
|prod_9_8_ap_vld    |  out|    1|      ap_vld|      prod_9_8|       pointer|
|prod_9_9           |  out|   32|      ap_vld|      prod_9_9|       pointer|
|prod_9_9_ap_vld    |  out|    1|      ap_vld|      prod_9_9|       pointer|
|prod_9_10          |  out|   32|      ap_vld|     prod_9_10|       pointer|
|prod_9_10_ap_vld   |  out|    1|      ap_vld|     prod_9_10|       pointer|
|prod_9_11          |  out|   32|      ap_vld|     prod_9_11|       pointer|
|prod_9_11_ap_vld   |  out|    1|      ap_vld|     prod_9_11|       pointer|
|prod_9_12          |  out|   32|      ap_vld|     prod_9_12|       pointer|
|prod_9_12_ap_vld   |  out|    1|      ap_vld|     prod_9_12|       pointer|
|prod_9_13          |  out|   32|      ap_vld|     prod_9_13|       pointer|
|prod_9_13_ap_vld   |  out|    1|      ap_vld|     prod_9_13|       pointer|
|prod_9_14          |  out|   32|      ap_vld|     prod_9_14|       pointer|
|prod_9_14_ap_vld   |  out|    1|      ap_vld|     prod_9_14|       pointer|
|prod_9_15          |  out|   32|      ap_vld|     prod_9_15|       pointer|
|prod_9_15_ap_vld   |  out|    1|      ap_vld|     prod_9_15|       pointer|
|prod_10_0          |  out|   32|      ap_vld|     prod_10_0|       pointer|
|prod_10_0_ap_vld   |  out|    1|      ap_vld|     prod_10_0|       pointer|
|prod_10_1          |  out|   32|      ap_vld|     prod_10_1|       pointer|
|prod_10_1_ap_vld   |  out|    1|      ap_vld|     prod_10_1|       pointer|
|prod_10_2          |  out|   32|      ap_vld|     prod_10_2|       pointer|
|prod_10_2_ap_vld   |  out|    1|      ap_vld|     prod_10_2|       pointer|
|prod_10_3          |  out|   32|      ap_vld|     prod_10_3|       pointer|
|prod_10_3_ap_vld   |  out|    1|      ap_vld|     prod_10_3|       pointer|
|prod_10_4          |  out|   32|      ap_vld|     prod_10_4|       pointer|
|prod_10_4_ap_vld   |  out|    1|      ap_vld|     prod_10_4|       pointer|
|prod_10_5          |  out|   32|      ap_vld|     prod_10_5|       pointer|
|prod_10_5_ap_vld   |  out|    1|      ap_vld|     prod_10_5|       pointer|
|prod_10_6          |  out|   32|      ap_vld|     prod_10_6|       pointer|
|prod_10_6_ap_vld   |  out|    1|      ap_vld|     prod_10_6|       pointer|
|prod_10_7          |  out|   32|      ap_vld|     prod_10_7|       pointer|
|prod_10_7_ap_vld   |  out|    1|      ap_vld|     prod_10_7|       pointer|
|prod_10_8          |  out|   32|      ap_vld|     prod_10_8|       pointer|
|prod_10_8_ap_vld   |  out|    1|      ap_vld|     prod_10_8|       pointer|
|prod_10_9          |  out|   32|      ap_vld|     prod_10_9|       pointer|
|prod_10_9_ap_vld   |  out|    1|      ap_vld|     prod_10_9|       pointer|
|prod_10_10         |  out|   32|      ap_vld|    prod_10_10|       pointer|
|prod_10_10_ap_vld  |  out|    1|      ap_vld|    prod_10_10|       pointer|
|prod_10_11         |  out|   32|      ap_vld|    prod_10_11|       pointer|
|prod_10_11_ap_vld  |  out|    1|      ap_vld|    prod_10_11|       pointer|
|prod_10_12         |  out|   32|      ap_vld|    prod_10_12|       pointer|
|prod_10_12_ap_vld  |  out|    1|      ap_vld|    prod_10_12|       pointer|
|prod_10_13         |  out|   32|      ap_vld|    prod_10_13|       pointer|
|prod_10_13_ap_vld  |  out|    1|      ap_vld|    prod_10_13|       pointer|
|prod_10_14         |  out|   32|      ap_vld|    prod_10_14|       pointer|
|prod_10_14_ap_vld  |  out|    1|      ap_vld|    prod_10_14|       pointer|
|prod_10_15         |  out|   32|      ap_vld|    prod_10_15|       pointer|
|prod_10_15_ap_vld  |  out|    1|      ap_vld|    prod_10_15|       pointer|
|prod_11_0          |  out|   32|      ap_vld|     prod_11_0|       pointer|
|prod_11_0_ap_vld   |  out|    1|      ap_vld|     prod_11_0|       pointer|
|prod_11_1          |  out|   32|      ap_vld|     prod_11_1|       pointer|
|prod_11_1_ap_vld   |  out|    1|      ap_vld|     prod_11_1|       pointer|
|prod_11_2          |  out|   32|      ap_vld|     prod_11_2|       pointer|
|prod_11_2_ap_vld   |  out|    1|      ap_vld|     prod_11_2|       pointer|
|prod_11_3          |  out|   32|      ap_vld|     prod_11_3|       pointer|
|prod_11_3_ap_vld   |  out|    1|      ap_vld|     prod_11_3|       pointer|
|prod_11_4          |  out|   32|      ap_vld|     prod_11_4|       pointer|
|prod_11_4_ap_vld   |  out|    1|      ap_vld|     prod_11_4|       pointer|
|prod_11_5          |  out|   32|      ap_vld|     prod_11_5|       pointer|
|prod_11_5_ap_vld   |  out|    1|      ap_vld|     prod_11_5|       pointer|
|prod_11_6          |  out|   32|      ap_vld|     prod_11_6|       pointer|
|prod_11_6_ap_vld   |  out|    1|      ap_vld|     prod_11_6|       pointer|
|prod_11_7          |  out|   32|      ap_vld|     prod_11_7|       pointer|
|prod_11_7_ap_vld   |  out|    1|      ap_vld|     prod_11_7|       pointer|
|prod_11_8          |  out|   32|      ap_vld|     prod_11_8|       pointer|
|prod_11_8_ap_vld   |  out|    1|      ap_vld|     prod_11_8|       pointer|
|prod_11_9          |  out|   32|      ap_vld|     prod_11_9|       pointer|
|prod_11_9_ap_vld   |  out|    1|      ap_vld|     prod_11_9|       pointer|
|prod_11_10         |  out|   32|      ap_vld|    prod_11_10|       pointer|
|prod_11_10_ap_vld  |  out|    1|      ap_vld|    prod_11_10|       pointer|
|prod_11_11         |  out|   32|      ap_vld|    prod_11_11|       pointer|
|prod_11_11_ap_vld  |  out|    1|      ap_vld|    prod_11_11|       pointer|
|prod_11_12         |  out|   32|      ap_vld|    prod_11_12|       pointer|
|prod_11_12_ap_vld  |  out|    1|      ap_vld|    prod_11_12|       pointer|
|prod_11_13         |  out|   32|      ap_vld|    prod_11_13|       pointer|
|prod_11_13_ap_vld  |  out|    1|      ap_vld|    prod_11_13|       pointer|
|prod_11_14         |  out|   32|      ap_vld|    prod_11_14|       pointer|
|prod_11_14_ap_vld  |  out|    1|      ap_vld|    prod_11_14|       pointer|
|prod_11_15         |  out|   32|      ap_vld|    prod_11_15|       pointer|
|prod_11_15_ap_vld  |  out|    1|      ap_vld|    prod_11_15|       pointer|
|prod_12_0          |  out|   32|      ap_vld|     prod_12_0|       pointer|
|prod_12_0_ap_vld   |  out|    1|      ap_vld|     prod_12_0|       pointer|
|prod_12_1          |  out|   32|      ap_vld|     prod_12_1|       pointer|
|prod_12_1_ap_vld   |  out|    1|      ap_vld|     prod_12_1|       pointer|
|prod_12_2          |  out|   32|      ap_vld|     prod_12_2|       pointer|
|prod_12_2_ap_vld   |  out|    1|      ap_vld|     prod_12_2|       pointer|
|prod_12_3          |  out|   32|      ap_vld|     prod_12_3|       pointer|
|prod_12_3_ap_vld   |  out|    1|      ap_vld|     prod_12_3|       pointer|
|prod_12_4          |  out|   32|      ap_vld|     prod_12_4|       pointer|
|prod_12_4_ap_vld   |  out|    1|      ap_vld|     prod_12_4|       pointer|
|prod_12_5          |  out|   32|      ap_vld|     prod_12_5|       pointer|
|prod_12_5_ap_vld   |  out|    1|      ap_vld|     prod_12_5|       pointer|
|prod_12_6          |  out|   32|      ap_vld|     prod_12_6|       pointer|
|prod_12_6_ap_vld   |  out|    1|      ap_vld|     prod_12_6|       pointer|
|prod_12_7          |  out|   32|      ap_vld|     prod_12_7|       pointer|
|prod_12_7_ap_vld   |  out|    1|      ap_vld|     prod_12_7|       pointer|
|prod_12_8          |  out|   32|      ap_vld|     prod_12_8|       pointer|
|prod_12_8_ap_vld   |  out|    1|      ap_vld|     prod_12_8|       pointer|
|prod_12_9          |  out|   32|      ap_vld|     prod_12_9|       pointer|
|prod_12_9_ap_vld   |  out|    1|      ap_vld|     prod_12_9|       pointer|
|prod_12_10         |  out|   32|      ap_vld|    prod_12_10|       pointer|
|prod_12_10_ap_vld  |  out|    1|      ap_vld|    prod_12_10|       pointer|
|prod_12_11         |  out|   32|      ap_vld|    prod_12_11|       pointer|
|prod_12_11_ap_vld  |  out|    1|      ap_vld|    prod_12_11|       pointer|
|prod_12_12         |  out|   32|      ap_vld|    prod_12_12|       pointer|
|prod_12_12_ap_vld  |  out|    1|      ap_vld|    prod_12_12|       pointer|
|prod_12_13         |  out|   32|      ap_vld|    prod_12_13|       pointer|
|prod_12_13_ap_vld  |  out|    1|      ap_vld|    prod_12_13|       pointer|
|prod_12_14         |  out|   32|      ap_vld|    prod_12_14|       pointer|
|prod_12_14_ap_vld  |  out|    1|      ap_vld|    prod_12_14|       pointer|
|prod_12_15         |  out|   32|      ap_vld|    prod_12_15|       pointer|
|prod_12_15_ap_vld  |  out|    1|      ap_vld|    prod_12_15|       pointer|
|prod_13_0          |  out|   32|      ap_vld|     prod_13_0|       pointer|
|prod_13_0_ap_vld   |  out|    1|      ap_vld|     prod_13_0|       pointer|
|prod_13_1          |  out|   32|      ap_vld|     prod_13_1|       pointer|
|prod_13_1_ap_vld   |  out|    1|      ap_vld|     prod_13_1|       pointer|
|prod_13_2          |  out|   32|      ap_vld|     prod_13_2|       pointer|
|prod_13_2_ap_vld   |  out|    1|      ap_vld|     prod_13_2|       pointer|
|prod_13_3          |  out|   32|      ap_vld|     prod_13_3|       pointer|
|prod_13_3_ap_vld   |  out|    1|      ap_vld|     prod_13_3|       pointer|
|prod_13_4          |  out|   32|      ap_vld|     prod_13_4|       pointer|
|prod_13_4_ap_vld   |  out|    1|      ap_vld|     prod_13_4|       pointer|
|prod_13_5          |  out|   32|      ap_vld|     prod_13_5|       pointer|
|prod_13_5_ap_vld   |  out|    1|      ap_vld|     prod_13_5|       pointer|
|prod_13_6          |  out|   32|      ap_vld|     prod_13_6|       pointer|
|prod_13_6_ap_vld   |  out|    1|      ap_vld|     prod_13_6|       pointer|
|prod_13_7          |  out|   32|      ap_vld|     prod_13_7|       pointer|
|prod_13_7_ap_vld   |  out|    1|      ap_vld|     prod_13_7|       pointer|
|prod_13_8          |  out|   32|      ap_vld|     prod_13_8|       pointer|
|prod_13_8_ap_vld   |  out|    1|      ap_vld|     prod_13_8|       pointer|
|prod_13_9          |  out|   32|      ap_vld|     prod_13_9|       pointer|
|prod_13_9_ap_vld   |  out|    1|      ap_vld|     prod_13_9|       pointer|
|prod_13_10         |  out|   32|      ap_vld|    prod_13_10|       pointer|
|prod_13_10_ap_vld  |  out|    1|      ap_vld|    prod_13_10|       pointer|
|prod_13_11         |  out|   32|      ap_vld|    prod_13_11|       pointer|
|prod_13_11_ap_vld  |  out|    1|      ap_vld|    prod_13_11|       pointer|
|prod_13_12         |  out|   32|      ap_vld|    prod_13_12|       pointer|
|prod_13_12_ap_vld  |  out|    1|      ap_vld|    prod_13_12|       pointer|
|prod_13_13         |  out|   32|      ap_vld|    prod_13_13|       pointer|
|prod_13_13_ap_vld  |  out|    1|      ap_vld|    prod_13_13|       pointer|
|prod_13_14         |  out|   32|      ap_vld|    prod_13_14|       pointer|
|prod_13_14_ap_vld  |  out|    1|      ap_vld|    prod_13_14|       pointer|
|prod_13_15         |  out|   32|      ap_vld|    prod_13_15|       pointer|
|prod_13_15_ap_vld  |  out|    1|      ap_vld|    prod_13_15|       pointer|
|prod_14_0          |  out|   32|      ap_vld|     prod_14_0|       pointer|
|prod_14_0_ap_vld   |  out|    1|      ap_vld|     prod_14_0|       pointer|
|prod_14_1          |  out|   32|      ap_vld|     prod_14_1|       pointer|
|prod_14_1_ap_vld   |  out|    1|      ap_vld|     prod_14_1|       pointer|
|prod_14_2          |  out|   32|      ap_vld|     prod_14_2|       pointer|
|prod_14_2_ap_vld   |  out|    1|      ap_vld|     prod_14_2|       pointer|
|prod_14_3          |  out|   32|      ap_vld|     prod_14_3|       pointer|
|prod_14_3_ap_vld   |  out|    1|      ap_vld|     prod_14_3|       pointer|
|prod_14_4          |  out|   32|      ap_vld|     prod_14_4|       pointer|
|prod_14_4_ap_vld   |  out|    1|      ap_vld|     prod_14_4|       pointer|
|prod_14_5          |  out|   32|      ap_vld|     prod_14_5|       pointer|
|prod_14_5_ap_vld   |  out|    1|      ap_vld|     prod_14_5|       pointer|
|prod_14_6          |  out|   32|      ap_vld|     prod_14_6|       pointer|
|prod_14_6_ap_vld   |  out|    1|      ap_vld|     prod_14_6|       pointer|
|prod_14_7          |  out|   32|      ap_vld|     prod_14_7|       pointer|
|prod_14_7_ap_vld   |  out|    1|      ap_vld|     prod_14_7|       pointer|
|prod_14_8          |  out|   32|      ap_vld|     prod_14_8|       pointer|
|prod_14_8_ap_vld   |  out|    1|      ap_vld|     prod_14_8|       pointer|
|prod_14_9          |  out|   32|      ap_vld|     prod_14_9|       pointer|
|prod_14_9_ap_vld   |  out|    1|      ap_vld|     prod_14_9|       pointer|
|prod_14_10         |  out|   32|      ap_vld|    prod_14_10|       pointer|
|prod_14_10_ap_vld  |  out|    1|      ap_vld|    prod_14_10|       pointer|
|prod_14_11         |  out|   32|      ap_vld|    prod_14_11|       pointer|
|prod_14_11_ap_vld  |  out|    1|      ap_vld|    prod_14_11|       pointer|
|prod_14_12         |  out|   32|      ap_vld|    prod_14_12|       pointer|
|prod_14_12_ap_vld  |  out|    1|      ap_vld|    prod_14_12|       pointer|
|prod_14_13         |  out|   32|      ap_vld|    prod_14_13|       pointer|
|prod_14_13_ap_vld  |  out|    1|      ap_vld|    prod_14_13|       pointer|
|prod_14_14         |  out|   32|      ap_vld|    prod_14_14|       pointer|
|prod_14_14_ap_vld  |  out|    1|      ap_vld|    prod_14_14|       pointer|
|prod_14_15         |  out|   32|      ap_vld|    prod_14_15|       pointer|
|prod_14_15_ap_vld  |  out|    1|      ap_vld|    prod_14_15|       pointer|
|prod_15_0          |  out|   32|      ap_vld|     prod_15_0|       pointer|
|prod_15_0_ap_vld   |  out|    1|      ap_vld|     prod_15_0|       pointer|
|prod_15_1          |  out|   32|      ap_vld|     prod_15_1|       pointer|
|prod_15_1_ap_vld   |  out|    1|      ap_vld|     prod_15_1|       pointer|
|prod_15_2          |  out|   32|      ap_vld|     prod_15_2|       pointer|
|prod_15_2_ap_vld   |  out|    1|      ap_vld|     prod_15_2|       pointer|
|prod_15_3          |  out|   32|      ap_vld|     prod_15_3|       pointer|
|prod_15_3_ap_vld   |  out|    1|      ap_vld|     prod_15_3|       pointer|
|prod_15_4          |  out|   32|      ap_vld|     prod_15_4|       pointer|
|prod_15_4_ap_vld   |  out|    1|      ap_vld|     prod_15_4|       pointer|
|prod_15_5          |  out|   32|      ap_vld|     prod_15_5|       pointer|
|prod_15_5_ap_vld   |  out|    1|      ap_vld|     prod_15_5|       pointer|
|prod_15_6          |  out|   32|      ap_vld|     prod_15_6|       pointer|
|prod_15_6_ap_vld   |  out|    1|      ap_vld|     prod_15_6|       pointer|
|prod_15_7          |  out|   32|      ap_vld|     prod_15_7|       pointer|
|prod_15_7_ap_vld   |  out|    1|      ap_vld|     prod_15_7|       pointer|
|prod_15_8          |  out|   32|      ap_vld|     prod_15_8|       pointer|
|prod_15_8_ap_vld   |  out|    1|      ap_vld|     prod_15_8|       pointer|
|prod_15_9          |  out|   32|      ap_vld|     prod_15_9|       pointer|
|prod_15_9_ap_vld   |  out|    1|      ap_vld|     prod_15_9|       pointer|
|prod_15_10         |  out|   32|      ap_vld|    prod_15_10|       pointer|
|prod_15_10_ap_vld  |  out|    1|      ap_vld|    prod_15_10|       pointer|
|prod_15_11         |  out|   32|      ap_vld|    prod_15_11|       pointer|
|prod_15_11_ap_vld  |  out|    1|      ap_vld|    prod_15_11|       pointer|
|prod_15_12         |  out|   32|      ap_vld|    prod_15_12|       pointer|
|prod_15_12_ap_vld  |  out|    1|      ap_vld|    prod_15_12|       pointer|
|prod_15_13         |  out|   32|      ap_vld|    prod_15_13|       pointer|
|prod_15_13_ap_vld  |  out|    1|      ap_vld|    prod_15_13|       pointer|
|prod_15_14         |  out|   32|      ap_vld|    prod_15_14|       pointer|
|prod_15_14_ap_vld  |  out|    1|      ap_vld|    prod_15_14|       pointer|
|prod_15_15         |  out|   32|      ap_vld|    prod_15_15|       pointer|
|prod_15_15_ap_vld  |  out|    1|      ap_vld|    prod_15_15|       pointer|
+-------------------+-----+-----+------------+--------------+--------------+

