

================================================================
== Vitis HLS Report for 'matrix_mult'
================================================================
* Date:           Fri Mar  1 20:53:42 2024

* Version:        2022.1 (Build 3526262 on Mon Apr 18 15:47:01 MDT 2022)
* Project:        gemmhls_int
* Solution:       day2_opt3 (Vivado IP Flow Target)
* Product family: zynq
* Target device:  xc7z020-clg400-1


================================================================
== Performance Estimates
================================================================
+ Timing: 
    * Summary: 
    +--------+----------+-----------+------------+
    |  Clock |  Target  | Estimated | Uncertainty|
    +--------+----------+-----------+------------+
    |ap_clk  |  10.00 ns|  50.505 ns|     2.70 ns|
    +--------+----------+-----------+------------+

+ Latency: 
    * Summary: 
    +---------+---------+----------+----------+-----+-----+---------+
    |  Latency (cycles) |  Latency (absolute) |  Interval | Pipeline|
    |   min   |   max   |    min   |    max   | min | max |   Type  |
    +---------+---------+----------+----------+-----+-----+---------+
    |       41|       41|  2.071 us|  2.071 us|   42|   42|       no|
    +---------+---------+----------+----------+-----+-----+---------+

    + Detail: 
        * Instance: 
        +-------------------------------------+--------------------------+---------+---------+----------+----------+-----+-----+---------+
        |                                     |                          |  Latency (cycles) |  Latency (absolute) |  Interval | Pipeline|
        |               Instance              |          Module          |   min   |   max   |    min   |    max   | min | max |   Type  |
        +-------------------------------------+--------------------------+---------+---------+----------+----------+-----+-----+---------+
        |grp_matrix_mult_Pipeline_Row_fu_463  |matrix_mult_Pipeline_Row  |       21|       21|  1.061 us|  1.061 us|   21|   21|       no|
        +-------------------------------------+--------------------------+---------+---------+----------+----------+-----+-----+---------+

        * Loop: 
        N/A



================================================================
== Utilization Estimates
================================================================
* Summary: 
+-----------------+---------+-----+--------+--------+-----+
|       Name      | BRAM_18K| DSP |   FF   |   LUT  | URAM|
+-----------------+---------+-----+--------+--------+-----+
|DSP              |        -|    -|       -|       -|    -|
|Expression       |        -|    -|       -|       -|    -|
|FIFO             |        -|    -|       -|       -|    -|
|Instance         |        0|  128|   10117|  291692|    -|
|Memory           |        -|    -|       -|       -|    -|
|Multiplexer      |        -|    -|       -|     323|    -|
|Register         |        -|    -|   24598|       -|    -|
+-----------------+---------+-----+--------+--------+-----+
|Total            |        0|  128|   34715|  292015|    0|
+-----------------+---------+-----+--------+--------+-----+
|Available        |      280|  220|  106400|   53200|    0|
+-----------------+---------+-----+--------+--------+-----+
|Utilization (%)  |        0|   58|      32|     548|    0|
+-----------------+---------+-----+--------+--------+-----+

+ Detail: 
    * Instance: 
    +-------------------------------------+--------------------------+---------+-----+-------+--------+-----+
    |               Instance              |          Module          | BRAM_18K| DSP |   FF  |   LUT  | URAM|
    +-------------------------------------+--------------------------+---------+-----+-------+--------+-----+
    |control_s_axi_U                      |control_s_axi             |        0|    0|     36|      40|    0|
    |grp_matrix_mult_Pipeline_Row_fu_463  |matrix_mult_Pipeline_Row  |        0|  128|  10081|  291652|    0|
    +-------------------------------------+--------------------------+---------+-----+-------+--------+-----+
    |Total                                |                          |        0|  128|  10117|  291692|    0|
    +-------------------------------------+--------------------------+---------+-----+-------+--------+-----+

    * DSP: 
    N/A

    * Memory: 
    N/A

    * FIFO: 
    N/A

    * Expression: 
    N/A

    * Multiplexer: 
    +------------------+-----+-----------+------+-----------+
    |       Name       | LUT | Input Size| Bits | Total Bits|
    +------------------+-----+-----------+------+-----------+
    |a_Addr_A_orig     |   81|         17|    32|        544|
    |ap_NS_fsm         |  113|         22|     1|         22|
    |b_Addr_A_orig     |   81|         17|    32|        544|
    |prod_Addr_A_orig  |   25|          5|    32|        160|
    |prod_Din_A        |   14|          3|  4096|      12288|
    |prod_WEN_A        |    9|          2|   512|       1024|
    +------------------+-----+-----------+------+-----------+
    |Total             |  323|         66|  4705|      14582|
    +------------------+-----+-----------+------+-----------+

    * Register: 
    +--------------------------------------------------+------+----+------+-----------+
    |                       Name                       |  FF  | LUT| Bits | Const Bits|
    +--------------------------------------------------+------+----+------+-----------+
    |a_load_10_reg_2031                                |   128|   0|   128|          0|
    |a_load_11_reg_2126                                |   128|   0|   128|          0|
    |a_load_12_reg_2221                                |   128|   0|   128|          0|
    |a_load_13_reg_2316                                |   128|   0|   128|          0|
    |a_load_14_reg_2416                                |   128|   0|   128|          0|
    |a_load_15_reg_2516                                |   128|   0|   128|          0|
    |a_load_1_reg_1176                                 |   128|   0|   128|          0|
    |a_load_2_reg_1271                                 |   128|   0|   128|          0|
    |a_load_3_reg_1366                                 |   128|   0|   128|          0|
    |a_load_4_reg_1461                                 |   128|   0|   128|          0|
    |a_load_5_reg_1556                                 |   128|   0|   128|          0|
    |a_load_6_reg_1651                                 |   128|   0|   128|          0|
    |a_load_7_reg_1746                                 |   128|   0|   128|          0|
    |a_load_8_reg_1841                                 |   128|   0|   128|          0|
    |a_load_9_reg_1936                                 |   128|   0|   128|          0|
    |a_load_reg_1081                                   |   128|   0|   128|          0|
    |ap_CS_fsm                                         |    21|   0|    21|          0|
    |empty_13_reg_1091                                 |     8|   0|     8|          0|
    |empty_14_reg_1186                                 |     8|   0|     8|          0|
    |empty_15_reg_1281                                 |     8|   0|     8|          0|
    |empty_16_reg_1376                                 |     8|   0|     8|          0|
    |empty_17_reg_1471                                 |     8|   0|     8|          0|
    |empty_18_reg_1566                                 |     8|   0|     8|          0|
    |empty_19_reg_1661                                 |     8|   0|     8|          0|
    |empty_20_reg_1756                                 |     8|   0|     8|          0|
    |empty_21_reg_1851                                 |     8|   0|     8|          0|
    |empty_22_reg_1946                                 |     8|   0|     8|          0|
    |empty_23_reg_2041                                 |     8|   0|     8|          0|
    |empty_24_reg_2136                                 |     8|   0|     8|          0|
    |empty_25_reg_2231                                 |     8|   0|     8|          0|
    |empty_26_reg_2331                                 |     8|   0|     8|          0|
    |empty_27_reg_2436                                 |     8|   0|     8|          0|
    |empty_reg_996                                     |     8|   0|     8|          0|
    |grp_matrix_mult_Pipeline_Row_fu_463_ap_start_reg  |     1|   0|     1|          0|
    |prod_load_1_reg_2521                              |  4096|   0|  4096|          0|
    |prod_load_reg_2426                                |  4096|   0|  4096|          0|
    |rhs_100_reg_1416                                  |     8|   0|     8|          0|
    |rhs_101_reg_1511                                  |     8|   0|     8|          0|
    |rhs_102_reg_1606                                  |     8|   0|     8|          0|
    |rhs_103_reg_1701                                  |     8|   0|     8|          0|
    |rhs_104_reg_1796                                  |     8|   0|     8|          0|
    |rhs_105_reg_1891                                  |     8|   0|     8|          0|
    |rhs_106_reg_1986                                  |     8|   0|     8|          0|
    |rhs_107_reg_2081                                  |     8|   0|     8|          0|
    |rhs_108_reg_2176                                  |     8|   0|     8|          0|
    |rhs_109_reg_2271                                  |     8|   0|     8|          0|
    |rhs_10_reg_1956                                   |     8|   0|     8|          0|
    |rhs_110_reg_2371                                  |     8|   0|     8|          0|
    |rhs_111_reg_2471                                  |     8|   0|     8|          0|
    |rhs_112_reg_1041                                  |     8|   0|     8|          0|
    |rhs_113_reg_1136                                  |     8|   0|     8|          0|
    |rhs_114_reg_1231                                  |     8|   0|     8|          0|
    |rhs_115_reg_1326                                  |     8|   0|     8|          0|
    |rhs_116_reg_1421                                  |     8|   0|     8|          0|
    |rhs_117_reg_1516                                  |     8|   0|     8|          0|
    |rhs_118_reg_1611                                  |     8|   0|     8|          0|
    |rhs_119_reg_1706                                  |     8|   0|     8|          0|
    |rhs_11_reg_2051                                   |     8|   0|     8|          0|
    |rhs_120_reg_1801                                  |     8|   0|     8|          0|
    |rhs_121_reg_1896                                  |     8|   0|     8|          0|
    |rhs_122_reg_1991                                  |     8|   0|     8|          0|
    |rhs_123_reg_2086                                  |     8|   0|     8|          0|
    |rhs_124_reg_2181                                  |     8|   0|     8|          0|
    |rhs_125_reg_2276                                  |     8|   0|     8|          0|
    |rhs_126_reg_2376                                  |     8|   0|     8|          0|
    |rhs_127_reg_2476                                  |     8|   0|     8|          0|
    |rhs_128_reg_1046                                  |     8|   0|     8|          0|
    |rhs_129_reg_1141                                  |     8|   0|     8|          0|
    |rhs_12_reg_2146                                   |     8|   0|     8|          0|
    |rhs_130_reg_1236                                  |     8|   0|     8|          0|
    |rhs_131_reg_1331                                  |     8|   0|     8|          0|
    |rhs_132_reg_1426                                  |     8|   0|     8|          0|
    |rhs_133_reg_1521                                  |     8|   0|     8|          0|
    |rhs_134_reg_1616                                  |     8|   0|     8|          0|
    |rhs_135_reg_1711                                  |     8|   0|     8|          0|
    |rhs_136_reg_1806                                  |     8|   0|     8|          0|
    |rhs_137_reg_1901                                  |     8|   0|     8|          0|
    |rhs_138_reg_1996                                  |     8|   0|     8|          0|
    |rhs_139_reg_2091                                  |     8|   0|     8|          0|
    |rhs_13_reg_2241                                   |     8|   0|     8|          0|
    |rhs_140_reg_2186                                  |     8|   0|     8|          0|
    |rhs_141_reg_2281                                  |     8|   0|     8|          0|
    |rhs_142_reg_2381                                  |     8|   0|     8|          0|
    |rhs_143_reg_2481                                  |     8|   0|     8|          0|
    |rhs_144_reg_1051                                  |     8|   0|     8|          0|
    |rhs_145_reg_1146                                  |     8|   0|     8|          0|
    |rhs_146_reg_1241                                  |     8|   0|     8|          0|
    |rhs_147_reg_1336                                  |     8|   0|     8|          0|
    |rhs_148_reg_1431                                  |     8|   0|     8|          0|
    |rhs_149_reg_1526                                  |     8|   0|     8|          0|
    |rhs_14_reg_2341                                   |     8|   0|     8|          0|
    |rhs_150_reg_1621                                  |     8|   0|     8|          0|
    |rhs_151_reg_1716                                  |     8|   0|     8|          0|
    |rhs_152_reg_1811                                  |     8|   0|     8|          0|
    |rhs_153_reg_1906                                  |     8|   0|     8|          0|
    |rhs_154_reg_2001                                  |     8|   0|     8|          0|
    |rhs_155_reg_2096                                  |     8|   0|     8|          0|
    |rhs_156_reg_2191                                  |     8|   0|     8|          0|
    |rhs_157_reg_2286                                  |     8|   0|     8|          0|
    |rhs_158_reg_2386                                  |     8|   0|     8|          0|
    |rhs_159_reg_2486                                  |     8|   0|     8|          0|
    |rhs_15_reg_2441                                   |     8|   0|     8|          0|
    |rhs_160_reg_1056                                  |     8|   0|     8|          0|
    |rhs_161_reg_1151                                  |     8|   0|     8|          0|
    |rhs_162_reg_1246                                  |     8|   0|     8|          0|
    |rhs_163_reg_1341                                  |     8|   0|     8|          0|
    |rhs_164_reg_1436                                  |     8|   0|     8|          0|
    |rhs_165_reg_1531                                  |     8|   0|     8|          0|
    |rhs_166_reg_1626                                  |     8|   0|     8|          0|
    |rhs_167_reg_1721                                  |     8|   0|     8|          0|
    |rhs_168_reg_1816                                  |     8|   0|     8|          0|
    |rhs_169_reg_1911                                  |     8|   0|     8|          0|
    |rhs_16_reg_1011                                   |     8|   0|     8|          0|
    |rhs_170_reg_2006                                  |     8|   0|     8|          0|
    |rhs_171_reg_2101                                  |     8|   0|     8|          0|
    |rhs_172_reg_2196                                  |     8|   0|     8|          0|
    |rhs_173_reg_2291                                  |     8|   0|     8|          0|
    |rhs_174_reg_2391                                  |     8|   0|     8|          0|
    |rhs_175_reg_2491                                  |     8|   0|     8|          0|
    |rhs_176_reg_1061                                  |     8|   0|     8|          0|
    |rhs_177_reg_1156                                  |     8|   0|     8|          0|
    |rhs_178_reg_1251                                  |     8|   0|     8|          0|
    |rhs_179_reg_1346                                  |     8|   0|     8|          0|
    |rhs_17_reg_1106                                   |     8|   0|     8|          0|
    |rhs_180_reg_1441                                  |     8|   0|     8|          0|
    |rhs_181_reg_1536                                  |     8|   0|     8|          0|
    |rhs_182_reg_1631                                  |     8|   0|     8|          0|
    |rhs_183_reg_1726                                  |     8|   0|     8|          0|
    |rhs_184_reg_1821                                  |     8|   0|     8|          0|
    |rhs_185_reg_1916                                  |     8|   0|     8|          0|
    |rhs_186_reg_2011                                  |     8|   0|     8|          0|
    |rhs_187_reg_2106                                  |     8|   0|     8|          0|
    |rhs_188_reg_2201                                  |     8|   0|     8|          0|
    |rhs_189_reg_2296                                  |     8|   0|     8|          0|
    |rhs_18_reg_1201                                   |     8|   0|     8|          0|
    |rhs_190_reg_2396                                  |     8|   0|     8|          0|
    |rhs_191_reg_2496                                  |     8|   0|     8|          0|
    |rhs_192_reg_1066                                  |     8|   0|     8|          0|
    |rhs_193_reg_1161                                  |     8|   0|     8|          0|
    |rhs_194_reg_1256                                  |     8|   0|     8|          0|
    |rhs_195_reg_1351                                  |     8|   0|     8|          0|
    |rhs_196_reg_1446                                  |     8|   0|     8|          0|
    |rhs_197_reg_1541                                  |     8|   0|     8|          0|
    |rhs_198_reg_1636                                  |     8|   0|     8|          0|
    |rhs_199_reg_1731                                  |     8|   0|     8|          0|
    |rhs_19_reg_1296                                   |     8|   0|     8|          0|
    |rhs_1_reg_1101                                    |     8|   0|     8|          0|
    |rhs_200_reg_1826                                  |     8|   0|     8|          0|
    |rhs_201_reg_1921                                  |     8|   0|     8|          0|
    |rhs_202_reg_2016                                  |     8|   0|     8|          0|
    |rhs_203_reg_2111                                  |     8|   0|     8|          0|
    |rhs_204_reg_2206                                  |     8|   0|     8|          0|
    |rhs_205_reg_2301                                  |     8|   0|     8|          0|
    |rhs_206_reg_2401                                  |     8|   0|     8|          0|
    |rhs_207_reg_2501                                  |     8|   0|     8|          0|
    |rhs_208_reg_1071                                  |     8|   0|     8|          0|
    |rhs_209_reg_1166                                  |     8|   0|     8|          0|
    |rhs_20_reg_1391                                   |     8|   0|     8|          0|
    |rhs_210_reg_1261                                  |     8|   0|     8|          0|
    |rhs_211_reg_1356                                  |     8|   0|     8|          0|
    |rhs_212_reg_1451                                  |     8|   0|     8|          0|
    |rhs_213_reg_1546                                  |     8|   0|     8|          0|
    |rhs_214_reg_1641                                  |     8|   0|     8|          0|
    |rhs_215_reg_1736                                  |     8|   0|     8|          0|
    |rhs_216_reg_1831                                  |     8|   0|     8|          0|
    |rhs_217_reg_1926                                  |     8|   0|     8|          0|
    |rhs_218_reg_2021                                  |     8|   0|     8|          0|
    |rhs_219_reg_2116                                  |     8|   0|     8|          0|
    |rhs_21_reg_1486                                   |     8|   0|     8|          0|
    |rhs_220_reg_2211                                  |     8|   0|     8|          0|
    |rhs_221_reg_2306                                  |     8|   0|     8|          0|
    |rhs_222_reg_2406                                  |     8|   0|     8|          0|
    |rhs_223_reg_2506                                  |     8|   0|     8|          0|
    |rhs_224_reg_1076                                  |     8|   0|     8|          0|
    |rhs_225_reg_1171                                  |     8|   0|     8|          0|
    |rhs_226_reg_1266                                  |     8|   0|     8|          0|
    |rhs_227_reg_1361                                  |     8|   0|     8|          0|
    |rhs_228_reg_1456                                  |     8|   0|     8|          0|
    |rhs_229_reg_1551                                  |     8|   0|     8|          0|
    |rhs_22_reg_1581                                   |     8|   0|     8|          0|
    |rhs_230_reg_1646                                  |     8|   0|     8|          0|
    |rhs_231_reg_1741                                  |     8|   0|     8|          0|
    |rhs_232_reg_1836                                  |     8|   0|     8|          0|
    |rhs_233_reg_1931                                  |     8|   0|     8|          0|
    |rhs_234_reg_2026                                  |     8|   0|     8|          0|
    |rhs_235_reg_2121                                  |     8|   0|     8|          0|
    |rhs_236_reg_2216                                  |     8|   0|     8|          0|
    |rhs_237_reg_2311                                  |     8|   0|     8|          0|
    |rhs_238_reg_2411                                  |     8|   0|     8|          0|
    |rhs_239_reg_2511                                  |     8|   0|     8|          0|
    |rhs_23_reg_1676                                   |     8|   0|     8|          0|
    |rhs_24_reg_1771                                   |     8|   0|     8|          0|
    |rhs_25_reg_1866                                   |     8|   0|     8|          0|
    |rhs_26_reg_1961                                   |     8|   0|     8|          0|
    |rhs_27_reg_2056                                   |     8|   0|     8|          0|
    |rhs_28_reg_2151                                   |     8|   0|     8|          0|
    |rhs_29_reg_2246                                   |     8|   0|     8|          0|
    |rhs_2_reg_1196                                    |     8|   0|     8|          0|
    |rhs_30_reg_2346                                   |     8|   0|     8|          0|
    |rhs_31_reg_2446                                   |     8|   0|     8|          0|
    |rhs_32_reg_1016                                   |     8|   0|     8|          0|
    |rhs_33_reg_1111                                   |     8|   0|     8|          0|
    |rhs_34_reg_1206                                   |     8|   0|     8|          0|
    |rhs_35_reg_1301                                   |     8|   0|     8|          0|
    |rhs_36_reg_1396                                   |     8|   0|     8|          0|
    |rhs_37_reg_1491                                   |     8|   0|     8|          0|
    |rhs_38_reg_1586                                   |     8|   0|     8|          0|
    |rhs_39_reg_1681                                   |     8|   0|     8|          0|
    |rhs_3_reg_1291                                    |     8|   0|     8|          0|
    |rhs_40_reg_1776                                   |     8|   0|     8|          0|
    |rhs_41_reg_1871                                   |     8|   0|     8|          0|
    |rhs_42_reg_1966                                   |     8|   0|     8|          0|
    |rhs_43_reg_2061                                   |     8|   0|     8|          0|
    |rhs_44_reg_2156                                   |     8|   0|     8|          0|
    |rhs_45_reg_2251                                   |     8|   0|     8|          0|
    |rhs_46_reg_2351                                   |     8|   0|     8|          0|
    |rhs_47_reg_2451                                   |     8|   0|     8|          0|
    |rhs_48_reg_1021                                   |     8|   0|     8|          0|
    |rhs_49_reg_1116                                   |     8|   0|     8|          0|
    |rhs_4_reg_1386                                    |     8|   0|     8|          0|
    |rhs_50_reg_1211                                   |     8|   0|     8|          0|
    |rhs_51_reg_1306                                   |     8|   0|     8|          0|
    |rhs_52_reg_1401                                   |     8|   0|     8|          0|
    |rhs_53_reg_1496                                   |     8|   0|     8|          0|
    |rhs_54_reg_1591                                   |     8|   0|     8|          0|
    |rhs_55_reg_1686                                   |     8|   0|     8|          0|
    |rhs_56_reg_1781                                   |     8|   0|     8|          0|
    |rhs_57_reg_1876                                   |     8|   0|     8|          0|
    |rhs_58_reg_1971                                   |     8|   0|     8|          0|
    |rhs_59_reg_2066                                   |     8|   0|     8|          0|
    |rhs_5_reg_1481                                    |     8|   0|     8|          0|
    |rhs_60_reg_2161                                   |     8|   0|     8|          0|
    |rhs_61_reg_2256                                   |     8|   0|     8|          0|
    |rhs_62_reg_2356                                   |     8|   0|     8|          0|
    |rhs_63_reg_2456                                   |     8|   0|     8|          0|
    |rhs_64_reg_1026                                   |     8|   0|     8|          0|
    |rhs_65_reg_1121                                   |     8|   0|     8|          0|
    |rhs_66_reg_1216                                   |     8|   0|     8|          0|
    |rhs_67_reg_1311                                   |     8|   0|     8|          0|
    |rhs_68_reg_1406                                   |     8|   0|     8|          0|
    |rhs_69_reg_1501                                   |     8|   0|     8|          0|
    |rhs_6_reg_1576                                    |     8|   0|     8|          0|
    |rhs_70_reg_1596                                   |     8|   0|     8|          0|
    |rhs_71_reg_1691                                   |     8|   0|     8|          0|
    |rhs_72_reg_1786                                   |     8|   0|     8|          0|
    |rhs_73_reg_1881                                   |     8|   0|     8|          0|
    |rhs_74_reg_1976                                   |     8|   0|     8|          0|
    |rhs_75_reg_2071                                   |     8|   0|     8|          0|
    |rhs_76_reg_2166                                   |     8|   0|     8|          0|
    |rhs_77_reg_2261                                   |     8|   0|     8|          0|
    |rhs_78_reg_2361                                   |     8|   0|     8|          0|
    |rhs_79_reg_2461                                   |     8|   0|     8|          0|
    |rhs_7_reg_1671                                    |     8|   0|     8|          0|
    |rhs_80_reg_1031                                   |     8|   0|     8|          0|
    |rhs_81_reg_1126                                   |     8|   0|     8|          0|
    |rhs_82_reg_1221                                   |     8|   0|     8|          0|
    |rhs_83_reg_1316                                   |     8|   0|     8|          0|
    |rhs_84_reg_1411                                   |     8|   0|     8|          0|
    |rhs_85_reg_1506                                   |     8|   0|     8|          0|
    |rhs_86_reg_1601                                   |     8|   0|     8|          0|
    |rhs_87_reg_1696                                   |     8|   0|     8|          0|
    |rhs_88_reg_1791                                   |     8|   0|     8|          0|
    |rhs_89_reg_1886                                   |     8|   0|     8|          0|
    |rhs_8_reg_1766                                    |     8|   0|     8|          0|
    |rhs_90_reg_1981                                   |     8|   0|     8|          0|
    |rhs_91_reg_2076                                   |     8|   0|     8|          0|
    |rhs_92_reg_2171                                   |     8|   0|     8|          0|
    |rhs_93_reg_2266                                   |     8|   0|     8|          0|
    |rhs_94_reg_2366                                   |     8|   0|     8|          0|
    |rhs_95_reg_2466                                   |     8|   0|     8|          0|
    |rhs_96_reg_1036                                   |     8|   0|     8|          0|
    |rhs_97_reg_1131                                   |     8|   0|     8|          0|
    |rhs_98_reg_1226                                   |     8|   0|     8|          0|
    |rhs_99_reg_1321                                   |     8|   0|     8|          0|
    |rhs_9_reg_1861                                    |     8|   0|     8|          0|
    |rhs_s_reg_1006                                    |     8|   0|     8|          0|
    |tmp_1_reg_2526                                    |  8192|   0|  8192|          0|
    |trunc_ln886_1_reg_2531                            |  4096|   0|  4096|          0|
    +--------------------------------------------------+------+----+------+-----------+
    |Total                                             | 24598|   0| 24598|          0|
    +--------------------------------------------------+------+----+------+-----------+



================================================================
== Interface
================================================================
* Summary: 
+-----------------------+-----+------+------------+--------------+--------------+
|       RTL Ports       | Dir | Bits |  Protocol  | Source Object|    C Type    |
+-----------------------+-----+------+------------+--------------+--------------+
|s_axi_control_AWVALID  |   in|     1|       s_axi|       control|   return void|
|s_axi_control_AWREADY  |  out|     1|       s_axi|       control|   return void|
|s_axi_control_AWADDR   |   in|     4|       s_axi|       control|   return void|
|s_axi_control_WVALID   |   in|     1|       s_axi|       control|   return void|
|s_axi_control_WREADY   |  out|     1|       s_axi|       control|   return void|
|s_axi_control_WDATA    |   in|    32|       s_axi|       control|   return void|
|s_axi_control_WSTRB    |   in|     4|       s_axi|       control|   return void|
|s_axi_control_ARVALID  |   in|     1|       s_axi|       control|   return void|
|s_axi_control_ARREADY  |  out|     1|       s_axi|       control|   return void|
|s_axi_control_ARADDR   |   in|     4|       s_axi|       control|   return void|
|s_axi_control_RVALID   |  out|     1|       s_axi|       control|   return void|
|s_axi_control_RREADY   |   in|     1|       s_axi|       control|   return void|
|s_axi_control_RDATA    |  out|    32|       s_axi|       control|   return void|
|s_axi_control_RRESP    |  out|     2|       s_axi|       control|   return void|
|s_axi_control_BVALID   |  out|     1|       s_axi|       control|   return void|
|s_axi_control_BREADY   |   in|     1|       s_axi|       control|   return void|
|s_axi_control_BRESP    |  out|     2|       s_axi|       control|   return void|
|ap_clk                 |   in|     1|  ap_ctrl_hs|   matrix_mult|  return value|
|ap_rst_n               |   in|     1|  ap_ctrl_hs|   matrix_mult|  return value|
|interrupt              |  out|     1|  ap_ctrl_hs|   matrix_mult|  return value|
|a_Addr_A               |  out|    32|        bram|             a|         array|
|a_EN_A                 |  out|     1|        bram|             a|         array|
|a_WEN_A                |  out|    16|        bram|             a|         array|
|a_Din_A                |  out|   128|        bram|             a|         array|
|a_Dout_A               |   in|   128|        bram|             a|         array|
|a_Clk_A                |  out|     1|        bram|             a|         array|
|a_Rst_A                |  out|     1|        bram|             a|         array|
|b_Addr_A               |  out|    32|        bram|             b|         array|
|b_EN_A                 |  out|     1|        bram|             b|         array|
|b_WEN_A                |  out|    16|        bram|             b|         array|
|b_Din_A                |  out|   128|        bram|             b|         array|
|b_Dout_A               |   in|   128|        bram|             b|         array|
|b_Clk_A                |  out|     1|        bram|             b|         array|
|b_Rst_A                |  out|     1|        bram|             b|         array|
|prod_Addr_A            |  out|    32|        bram|          prod|         array|
|prod_EN_A              |  out|     1|        bram|          prod|         array|
|prod_WEN_A             |  out|   512|        bram|          prod|         array|
|prod_Din_A             |  out|  4096|        bram|          prod|         array|
|prod_Dout_A            |   in|  4096|        bram|          prod|         array|
|prod_Clk_A             |  out|     1|        bram|          prod|         array|
|prod_Rst_A             |  out|     1|        bram|          prod|         array|
+-----------------------+-----+------+------------+--------------+--------------+

